Archive member included to satisfy reference by file (symbol)

c:/program files (x86)/atmel/studio/7.0/toolchain/arm/arm-gnu-toolchain/bin/../lib/gcc/arm-none-eabi/6.3.1/thumb/v6-m\libgcc.a(_udivsi3.o)
                              src/ASF/common2/services/delay/sam0/systick_counter.o (__aeabi_uidiv)
c:/program files (x86)/atmel/studio/7.0/toolchain/arm/arm-gnu-toolchain/bin/../lib/gcc/arm-none-eabi/6.3.1/thumb/v6-m\libgcc.a(_divsi3.o)
                              src/ASF/thirdparty/fatfs/fatfs-r0.09/src/ff.o (__aeabi_idiv)
c:/program files (x86)/atmel/studio/7.0/toolchain/arm/arm-gnu-toolchain/bin/../lib/gcc/arm-none-eabi/6.3.1/thumb/v6-m\libgcc.a(_dvmd_tls.o)
                              c:/program files (x86)/atmel/studio/7.0/toolchain/arm/arm-gnu-toolchain/bin/../lib/gcc/arm-none-eabi/6.3.1/thumb/v6-m\libgcc.a(_udivsi3.o) (__aeabi_idiv0)
c:/program files (x86)/atmel/studio/7.0/toolchain/arm/arm-gnu-toolchain/bin/../lib/gcc/arm-none-eabi/6.3.1/thumb/v6-m\libgcc.a(_muldi3.o)
                              src/ASF/sam0/drivers/sercom/sercom.o (__aeabi_lmul)
c:/program files (x86)/atmel/studio/7.0/toolchain/arm/arm-gnu-toolchain/bin/../lib/gcc/arm-none-eabi/6.3.1/thumb/v6-m\libgcc.a(adddf3.o)
                              src/ASF/sam0/drivers/sercom/i2c/i2c_sam0/i2c_master.o (__aeabi_dadd)
c:/program files (x86)/atmel/studio/7.0/toolchain/arm/arm-gnu-toolchain/bin/../lib/gcc/arm-none-eabi/6.3.1/thumb/v6-m\libgcc.a(divdf3.o)
                              src/ASF/sam0/drivers/sercom/i2c/i2c_sam0/i2c_master.o (__aeabi_ddiv)
c:/program files (x86)/atmel/studio/7.0/toolchain/arm/arm-gnu-toolchain/bin/../lib/gcc/arm-none-eabi/6.3.1/thumb/v6-m\libgcc.a(muldf3.o)
                              src/ASF/sam0/drivers/sercom/i2c/i2c_sam0/i2c_master.o (__aeabi_dmul)
c:/program files (x86)/atmel/studio/7.0/toolchain/arm/arm-gnu-toolchain/bin/../lib/gcc/arm-none-eabi/6.3.1/thumb/v6-m\libgcc.a(subdf3.o)
                              src/ASF/sam0/drivers/sercom/i2c/i2c_sam0/i2c_master.o (__aeabi_dsub)
c:/program files (x86)/atmel/studio/7.0/toolchain/arm/arm-gnu-toolchain/bin/../lib/gcc/arm-none-eabi/6.3.1/thumb/v6-m\libgcc.a(fixdfsi.o)
                              src/ASF/sam0/drivers/sercom/i2c/i2c_sam0/i2c_master.o (__aeabi_d2iz)
c:/program files (x86)/atmel/studio/7.0/toolchain/arm/arm-gnu-toolchain/bin/../lib/gcc/arm-none-eabi/6.3.1/thumb/v6-m\libgcc.a(floatunsidf.o)
                              src/ASF/sam0/drivers/sercom/i2c/i2c_sam0/i2c_master.o (__aeabi_ui2d)
c:/program files (x86)/atmel/studio/7.0/toolchain/arm/arm-gnu-toolchain/bin/../lib/gcc/arm-none-eabi/6.3.1/thumb/v6-m\libgcc.a(_clzsi2.o)
                              c:/program files (x86)/atmel/studio/7.0/toolchain/arm/arm-gnu-toolchain/bin/../lib/gcc/arm-none-eabi/6.3.1/thumb/v6-m\libgcc.a(adddf3.o) (__clzsi2)
c:/program files (x86)/atmel/studio/7.0/toolchain/arm/arm-gnu-toolchain/bin/../lib/gcc/arm-none-eabi/6.3.1/../../../../arm-none-eabi/lib/thumb/v6-m\libc_nano.a(lib_a-exit.o)
                              c:/program files (x86)/atmel/studio/7.0/toolchain/arm/arm-gnu-toolchain/bin/../lib/gcc/arm-none-eabi/6.3.1/../../../../arm-none-eabi/lib/thumb/v6-m/crt0.o (exit)
c:/program files (x86)/atmel/studio/7.0/toolchain/arm/arm-gnu-toolchain/bin/../lib/gcc/arm-none-eabi/6.3.1/../../../../arm-none-eabi/lib/thumb/v6-m\libc_nano.a(lib_a-impure.o)
                              c:/program files (x86)/atmel/studio/7.0/toolchain/arm/arm-gnu-toolchain/bin/../lib/gcc/arm-none-eabi/6.3.1/../../../../arm-none-eabi/lib/thumb/v6-m\libc_nano.a(lib_a-exit.o) (_global_impure_ptr)
c:/program files (x86)/atmel/studio/7.0/toolchain/arm/arm-gnu-toolchain/bin/../lib/gcc/arm-none-eabi/6.3.1/../../../../arm-none-eabi/lib/thumb/v6-m\libc_nano.a(lib_a-init.o)
                              c:/program files (x86)/atmel/studio/7.0/toolchain/arm/arm-gnu-toolchain/bin/../lib/gcc/arm-none-eabi/6.3.1/../../../../arm-none-eabi/lib/thumb/v6-m/crt0.o (__libc_init_array)
c:/program files (x86)/atmel/studio/7.0/toolchain/arm/arm-gnu-toolchain/bin/../lib/gcc/arm-none-eabi/6.3.1/../../../../arm-none-eabi/lib/thumb/v6-m\libc_nano.a(lib_a-malloc.o)
                              src/SerialConsole/circular_buffer.o (malloc)
c:/program files (x86)/atmel/studio/7.0/toolchain/arm/arm-gnu-toolchain/bin/../lib/gcc/arm-none-eabi/6.3.1/../../../../arm-none-eabi/lib/thumb/v6-m\libc_nano.a(lib_a-memcpy-stub.o)
                              src/ASF/thirdparty/fatfs/fatfs-port-r0.09/diskio.o (memcpy)
c:/program files (x86)/atmel/studio/7.0/toolchain/arm/arm-gnu-toolchain/bin/../lib/gcc/arm-none-eabi/6.3.1/../../../../arm-none-eabi/lib/thumb/v6-m\libc_nano.a(lib_a-memset.o)
                              c:/program files (x86)/atmel/studio/7.0/toolchain/arm/arm-gnu-toolchain/bin/../lib/gcc/arm-none-eabi/6.3.1/../../../../arm-none-eabi/lib/thumb/v6-m/crt0.o (memset)
[...]
Memory Configuration

Name             Origin             Length             Attributes
rom              0x00000000         0x00040000         xr
ram              0x20000000         0x00008000         xrw
*default*        0x00000000         0xffffffff

Linker script and memory map

LOAD c:/program files (x86)/atmel/studio/7.0/toolchain/arm/arm-gnu-toolchain/bin/../lib/gcc/arm-none-eabi/6.3.1/thumb/v6-m/crti.o
LOAD c:/program files (x86)/atmel/studio/7.0/toolchain/arm/arm-gnu-toolchain/bin/../lib/gcc/arm-none-eabi/6.3.1/thumb/v6-m/crtbegin.o
LOAD c:/program files (x86)/atmel/studio/7.0/toolchain/arm/arm-gnu-toolchain/bin/../lib/gcc/arm-none-eabi/6.3.1/../../../../arm-none-eabi/lib/thumb/v6-m/crt0.o
LOAD src/ASF/common2/services/delay/sam0/systick_counter.o
LOAD src/Systick/Systick.o
LOAD src/ASF/common/services/crc32/crc32.o
LOAD src/ASF/sam0/boards/board_init.o
LOAD src/ASF/sam0/drivers/dsu/crc32/crc32.o
LOAD src/ASF/sam0/drivers/nvm/nvm.o
LOAD src/ASF/sam0/drivers/pac/pac_sam_d_r_h/pac.o
LOAD src/ASF/sam0/drivers/sercom/i2c/i2c_sam0/i2c_master.o
LOAD src/SD Card/SdCard.o
LOAD src/SerialConsole/circular_buffer.o
LOAD src/SerialConsole/SerialConsole.o
LOAD src/ASF/common2/components/memory/sd_mmc/sd_mmc.o
LOAD src/ASF/common2/components/memory/sd_mmc/sd_mmc_mem.o
LOAD src/ASF/common2/components/memory/sd_mmc/sd_mmc_spi.o
LOAD src/ASF/common/services/storage/ctrl_access/ctrl_access.o
LOAD src/ASF/common/utils/interrupt/interrupt_sam_nvic.o
LOAD src/ASF/sam0/drivers/port/port.o
LOAD src/ASF/sam0/drivers/rtc/rtc_sam_d_r_h/rtc_calendar.o
LOAD src/ASF/sam0/drivers/sercom/sercom.o
LOAD src/ASF/sam0/drivers/sercom/sercom_interrupt.o
LOAD src/ASF/sam0/drivers/sercom/spi/spi.o
LOAD src/ASF/sam0/drivers/sercom/spi/spi_interrupt.o
LOAD src/ASF/sam0/drivers/sercom/usart/usart.o
LOAD src/ASF/sam0/drivers/sercom/usart/usart_interrupt.o
LOAD src/ASF/sam0/drivers/system/clock/clock_samd21_r21_da_ha1/clock.o
LOAD src/ASF/sam0/drivers/system/clock/clock_samd21_r21_da_ha1/gclk.o
LOAD src/ASF/sam0/drivers/system/interrupt/system_interrupt.o
LOAD src/ASF/sam0/drivers/system/pinmux/pinmux.o
LOAD src/ASF/sam0/drivers/system/system.o
LOAD src/ASF/sam0/utils/cmsis/samd21/source/gcc/startup_samd21.o
LOAD src/ASF/sam0/utils/cmsis/samd21/source/system_samd21.o
LOAD src/ASF/sam0/utils/stdio/read.o
LOAD src/ASF/sam0/utils/stdio/write.o
LOAD src/ASF/sam0/utils/syscalls/gcc/syscalls.o
LOAD src/ASF/thirdparty/fatfs/fatfs-port-r0.09/diskio.o
LOAD src/ASF/thirdparty/fatfs/fatfs-port-r0.09/sam0/fattime_rtc.o
LOAD src/ASF/thirdparty/fatfs/fatfs-r0.09/src/ff.o
LOAD src/ASF/thirdparty/fatfs/fatfs-r0.09/src/option/ccsbcs.o
LOAD src/BootMain.o
START GROUP
LOAD ../src/ASF/thirdparty/CMSIS/Lib/GCC\libarm_cortexM0l_math.a
LOAD c:/program files (x86)/atmel/studio/7.0/toolchain/arm/arm-gnu-toolchain/bin/../lib/gcc/arm-none-eabi/6.3.1/../../../../arm-none-eabi/lib/thumb/v6-m\libm.a
END GROUP
                0x00002000                __stack_size__ = 0x2000
START GROUP
LOAD c:/program files (x86)/atmel/studio/7.0/toolchain/arm/arm-gnu-toolchain/bin/../lib/gcc/arm-none-eabi/6.3.1/thumb/v6-m\libgcc.a
LOAD c:/program files (x86)/atmel/studio/7.0/toolchain/arm/arm-gnu-toolchain/bin/../lib/gcc/arm-none-eabi/6.3.1/../../../../arm-none-eabi/lib/thumb/v6-m\libc_nano.a
END GROUP
START GROUP
LOAD c:/program files (x86)/atmel/studio/7.0/toolchain/arm/arm-gnu-toolchain/bin/../lib/gcc/arm-none-eabi/6.3.1/thumb/v6-m\libgcc.a
LOAD c:/program files (x86)/atmel/studio/7.0/toolchain/arm/arm-gnu-toolchain/bin/../lib/gcc/arm-none-eabi/6.3.1/../../../../arm-none-eabi/lib/thumb/v6-m\libc_nano.a
END GROUP
LOAD c:/program files (x86)/atmel/studio/7.0/toolchain/arm/arm-gnu-toolchain/bin/../lib/gcc/arm-none-eabi/6.3.1/thumb/v6-m/crtend.o
LOAD c:/program files (x86)/atmel/studio/7.0/toolchain/arm/arm-gnu-toolchain/bin/../lib/gcc/arm-none-eabi/6.3.1/thumb/v6-m/crtn.o
                0x00002000                STACK_SIZE = DEFINED (STACK_SIZE)?STACK_SIZE:DEFINED (__stack_size__)?__stack_size__:0x2000

.text           0x00000000     0xdbf8
                0x00000000                . = ALIGN (0x4)
                0x00000000                _sfixed = .
 *(.vectors .vectors.*)
 .vectors       0x00000000       0xb4 src/ASF/sam0/utils/cmsis/samd21/source/gcc/startup_samd21.o
                0x00000000                exception_table
 *(.text .text.* .gnu.linkonce.t.*)
 .text          0x000000b4       0x60 c:/program files (x86)/atmel/studio/7.0/toolchain/arm/arm-gnu-toolchain/bin/../lib/gcc/arm-none-eabi/6.3.1/thumb/v6-m/crtbegin.o
 .text.delay_cycles
                0x00000114       0x34 src/ASF/common2/services/delay/sam0/systick_counter.o
 .text.delay_init
                0x00000148       0x58 src/ASF/common2/services/delay/sam0/systick_counter.o
                0x00000148                delay_init
 .text.delay_cycles_ms
                0x000001a0       0x30 src/ASF/common2/services/delay/sam0/systick_counter.o
                0x000001a0                delay_cycles_ms
 .text.GetSystick
                0x000001d0       0x14 src/Systick/Systick.o
                0x000001d0                GetSystick
 .text.SysTick_Handler
                0x000001e4       0x18 src/Systick/Systick.o
                0x000001e4                SysTick_Handler
 .text._crc32_recalculate_bytes_helper
                0x000001fc       0x50 src/ASF/common/services/crc32/crc32.o
 .text.crc32_recalculate
                0x0000024c       0xfc src/ASF/common/services/crc32/crc32.o
                0x0000024c                crc32_recalculate
 .text.system_pinmux_get_group_from_gpio_pin
                0x00000348       0x60 src/ASF/sam0/boards/board_init.o
 .text.port_get_group_from_gpio_pin
                0x000003a8       0x24 src/ASF/sam0/boards/board_init.o
 .text.port_get_config_defaults
                0x000003cc       0x22 src/ASF/sam0/boards/board_init.o
 *fill*         0x000003ee        0x2 
 .text.port_pin_set_output_level
                0x000003f0       0x54 src/ASF/sam0/boards/board_init.o
 .text.system_board_init
                0x00000444       0x50 src/ASF/sam0/boards/board_init.o
                0x00000444                board_init
                0x00000444                system_board_init
 .text.nvm_is_ready
                0x00000494       0x28 src/ASF/sam0/drivers/nvm/nvm.o
 .text.system_apb_clock_set_mask
                0x000004bc       0x5c src/ASF/sam0/drivers/nvm/nvm.o
 .text.nvm_set_config
                0x00000518       0xd8 src/ASF/sam0/drivers/nvm/nvm.o
                0x00000518                nvm_set_config
 .text.nvm_execute_command
                0x000005f0      0x118 src/ASF/sam0/drivers/nvm/nvm.o
                0x000005f0                nvm_execute_command
 .text.nvm_write_buffer
                0x00000708      0x14c src/ASF/sam0/drivers/nvm/nvm.o
                0x00000708                nvm_write_buffer
 .text.nvm_erase_row
                0x00000854       0xa8 src/ASF/sam0/drivers/nvm/nvm.o
                0x00000854                nvm_erase_row
 .text.SdCard_Initiate
                0x000008fc       0x6c src/SD Card/SdCard.o
                0x000008fc                SdCard_Initiate
 .text.advance_pointer
                0x00000968       0x60 src/SerialConsole/circular_buffer.o
 .text.retreat_pointer
                0x000009c8       0x34 src/SerialConsole/circular_buffer.o
 .text.circular_buf_init
                0x000009fc       0x3c src/SerialConsole/circular_buffer.o
                0x000009fc                circular_buf_init
 .text.circular_buf_reset
                0x00000a38       0x22 src/SerialConsole/circular_buffer.o
                0x00000a38                circular_buf_reset
 *fill*         0x00000a5a        0x2 
 .text.circular_buf_put
                0x00000a5c       0x34 src/SerialConsole/circular_buffer.o
                0x00000a5c                circular_buf_put
 .text.circular_buf_get
                0x00000a90       0x54 src/SerialConsole/circular_buffer.o
                0x00000a90                circular_buf_get
 .text.circular_buf_empty
                0x00000ae4       0x38 src/SerialConsole/circular_buffer.o
                0x00000ae4                circular_buf_empty
 .text.system_interrupt_enable
                0x00000b1c       0x2c src/SerialConsole/SerialConsole.o
 .text.system_interrupt_disable
                0x00000b48       0x30 src/SerialConsole/SerialConsole.o
 .text.usart_is_syncing
                0x00000b78       0x20 src/SerialConsole/SerialConsole.o
 .text._usart_wait_for_sync
                0x00000b98       0x24 src/SerialConsole/SerialConsole.o
 .text.usart_get_config_defaults
                0x00000bbc       0xbe src/SerialConsole/SerialConsole.o
 *fill*         0x00000c7a        0x2 
 .text.usart_enable
                0x00000c7c       0x48 src/SerialConsole/SerialConsole.o
 .text.usart_disable
                0x00000cc4       0x4c src/SerialConsole/SerialConsole.o
 .text.usart_enable_callback
                0x00000d10       0x36 src/SerialConsole/SerialConsole.o
 *fill*         0x00000d46        0x2 
 .text.usart_serial_putchar
                0x00000d48       0x34 src/SerialConsole/SerialConsole.o
 .text.usart_serial_getchar
                0x00000d7c       0x40 src/SerialConsole/SerialConsole.o
 .text.stdio_serial_init
                0x00000dbc       0x60 src/SerialConsole/SerialConsole.o
 .text.InitializeSerialConsole
                0x00000e1c       0x70 src/SerialConsole/SerialConsole.o
                0x00000e1c                InitializeSerialConsole
 .text.DeinitializeSerialConsole
                0x00000e8c       0x1c src/SerialConsole/SerialConsole.o
                0x00000e8c                DeinitializeSerialConsole
 .text.SerialConsoleWriteString
                0x00000ea8       0x8c src/SerialConsole/SerialConsole.o
                0x00000ea8                SerialConsoleWriteString
 .text.LogMessage
                0x00000f34       0x1c src/SerialConsole/SerialConsole.o
                0x00000f34                LogMessage
 .text.configure_usart
                0x00000f50       0x88 src/SerialConsole/SerialConsole.o
 .text.configure_usart_callbacks
                0x00000fd8       0x4c src/SerialConsole/SerialConsole.o
 .text.usart_read_callback
                0x00001024       0x10 src/SerialConsole/SerialConsole.o
                0x00001024                usart_read_callback
 .text.usart_write_callback
                0x00001034       0x44 src/SerialConsole/SerialConsole.o
                0x00001034                usart_write_callback
 .text.SDMMC_UNSTUFF_BITS
                0x00001078      0x15c src/ASF/common2/components/memory/sd_mmc/sd_mmc.o
 .text.mmc_spi_op_cond
                0x000011d4       0xac src/ASF/common2/components/memory/sd_mmc/sd_mmc.o
 .text.sd_spi_op_cond
                0x00001280       0xe4 src/ASF/common2/components/memory/sd_mmc/sd_mmc.o
 .text.sdio_op_cond
                0x00001364        0xc src/ASF/common2/components/memory/sd_mmc/sd_mmc.o
 .text.sd_cmd8  0x00001370       0x70 src/ASF/common2/components/memory/sd_mmc/sd_mmc.o
 .text.mmc_cmd8
                0x000013e0      0x12c src/ASF/common2/components/memory/sd_mmc/sd_mmc.o
 .text.sd_mmc_cmd9_spi
                0x0000150c       0x70 src/ASF/common2/components/memory/sd_mmc/sd_mmc.o
 .text.mmc_decode_csd
                0x0000157c      0x130 src/ASF/common2/components/memory/sd_mmc/sd_mmc.o
 .text.sd_decode_csd
                0x000016ac       0xec src/ASF/common2/components/memory/sd_mmc/sd_mmc.o
 .text.sd_mmc_cmd13
                0x00001798       0x5c src/ASF/common2/components/memory/sd_mmc/sd_mmc.o
 .text.sd_acmd51
                0x000017f4      0x108 src/ASF/common2/components/memory/sd_mmc/sd_mmc.o
 .text.sd_mmc_select_slot
                0x000018fc       0xc4 src/ASF/common2/components/memory/sd_mmc/sd_mmc.o
 .text.sd_mmc_configure_slot
                0x000019c0       0x38 src/ASF/common2/components/memory/sd_mmc/sd_mmc.o
 .text.sd_mmc_deselect_slot
                0x000019f8       0x24 src/ASF/common2/components/memory/sd_mmc/sd_mmc.o
 .text.sd_mmc_spi_card_init
                0x00001a1c      0x1ac src/ASF/common2/components/memory/sd_mmc/sd_mmc.o
 .text.sd_mmc_spi_install_mmc
                0x00001bc8      0x100 src/ASF/common2/components/memory/sd_mmc/sd_mmc.o
 .text.sd_mmc_init
                0x00001cc8       0x50 src/ASF/common2/components/memory/sd_mmc/sd_mmc.o
                0x00001cc8                sd_mmc_init
 .text.sd_mmc_check
                0x00001d18       0x74 src/ASF/common2/components/memory/sd_mmc/sd_mmc.o
                0x00001d18                sd_mmc_check
 .text.sd_mmc_get_type
                0x00001d8c       0x3c src/ASF/common2/components/memory/sd_mmc/sd_mmc.o
                0x00001d8c                sd_mmc_get_type
 .text.sd_mmc_get_capacity
                0x00001dc8       0x3c src/ASF/common2/components/memory/sd_mmc/sd_mmc.o
                0x00001dc8                sd_mmc_get_capacity
 .text.sd_mmc_is_write_protected
                0x00001e04       0x16 src/ASF/common2/components/memory/sd_mmc/sd_mmc.o
                0x00001e04                sd_mmc_is_write_protected
 *fill*         0x00001e1a        0x2 
 .text.sd_mmc_init_read_blocks
                0x00001e1c       0xec src/ASF/common2/components/memory/sd_mmc/sd_mmc.o
                0x00001e1c                sd_mmc_init_read_blocks
 .text.sd_mmc_start_read_blocks
                0x00001f08       0x58 src/ASF/common2/components/memory/sd_mmc/sd_mmc.o
                0x00001f08                sd_mmc_start_read_blocks
 .text.sd_mmc_wait_end_of_read_blocks
                0x00001f60       0x98 src/ASF/common2/components/memory/sd_mmc/sd_mmc.o
                0x00001f60                sd_mmc_wait_end_of_read_blocks
 .text.sd_mmc_init_write_blocks
                0x00001ff8       0xe8 src/ASF/common2/components/memory/sd_mmc/sd_mmc.o
                0x00001ff8                sd_mmc_init_write_blocks
 .text.sd_mmc_start_write_blocks
                0x000020e0       0x58 src/ASF/common2/components/memory/sd_mmc/sd_mmc.o
                0x000020e0                sd_mmc_start_write_blocks
 .text.sd_mmc_wait_end_of_write_blocks
                0x00002138       0x6c src/ASF/common2/components/memory/sd_mmc/sd_mmc.o
                0x00002138                sd_mmc_wait_end_of_write_blocks
 .text.sd_mmc_test_unit_ready
                0x000021a4       0x78 src/ASF/common2/components/memory/sd_mmc/sd_mmc_mem.o
                0x000021a4                sd_mmc_test_unit_ready
 .text.sd_mmc_test_unit_ready_0
                0x0000221c       0x18 src/ASF/common2/components/memory/sd_mmc/sd_mmc_mem.o
                0x0000221c                sd_mmc_test_unit_ready_0
 .text.sd_mmc_read_capacity
                0x00002234       0x40 src/ASF/common2/components/memory/sd_mmc/sd_mmc_mem.o
                0x00002234                sd_mmc_read_capacity
 .text.sd_mmc_read_capacity_0
                0x00002274       0x20 src/ASF/common2/components/memory/sd_mmc/sd_mmc_mem.o
                0x00002274                sd_mmc_read_capacity_0
 .text.sd_mmc_unload
                0x00002294       0x2c src/ASF/common2/components/memory/sd_mmc/sd_mmc_mem.o
                0x00002294                sd_mmc_unload
 .text.sd_mmc_unload_0
                0x000022c0       0x28 src/ASF/common2/components/memory/sd_mmc/sd_mmc_mem.o
                0x000022c0                sd_mmc_unload_0
 .text.sd_mmc_wr_protect
                0x000022e8       0x24 src/ASF/common2/components/memory/sd_mmc/sd_mmc_mem.o
                0x000022e8                sd_mmc_wr_protect
 .text.sd_mmc_wr_protect_0
                0x0000230c       0x18 src/ASF/common2/components/memory/sd_mmc/sd_mmc_mem.o
                0x0000230c                sd_mmc_wr_protect_0
 .text.sd_mmc_removal
                0x00002324       0x16 src/ASF/common2/components/memory/sd_mmc/sd_mmc_mem.o
                0x00002324                sd_mmc_removal
 *fill*         0x0000233a        0x2 
 .text.sd_mmc_removal_0
                0x0000233c       0x18 src/ASF/common2/components/memory/sd_mmc/sd_mmc_mem.o
                0x0000233c                sd_mmc_removal_0
 .text.sd_mmc_mem_2_ram
                0x00002354       0x6c src/ASF/common2/components/memory/sd_mmc/sd_mmc_mem.o
                0x00002354                sd_mmc_mem_2_ram
 .text.sd_mmc_mem_2_ram_0
                0x000023c0       0x24 src/ASF/common2/components/memory/sd_mmc/sd_mmc_mem.o
                0x000023c0                sd_mmc_mem_2_ram_0
 .text.sd_mmc_ram_2_mem
                0x000023e4       0x6c src/ASF/common2/components/memory/sd_mmc/sd_mmc_mem.o
                0x000023e4                sd_mmc_ram_2_mem
 .text.sd_mmc_ram_2_mem_0
                0x00002450       0x24 src/ASF/common2/components/memory/sd_mmc/sd_mmc_mem.o
                0x00002450                sd_mmc_ram_2_mem_0
 .text.system_pinmux_get_group_from_gpio_pin
                0x00002474       0x60 src/ASF/common2/components/memory/sd_mmc/sd_mmc_spi.o
 .text.port_get_group_from_gpio_pin
                0x000024d4       0x24 src/ASF/common2/components/memory/sd_mmc/sd_mmc_spi.o
 .text.port_get_config_defaults
                0x000024f8       0x22 src/ASF/common2/components/memory/sd_mmc/sd_mmc_spi.o
 *fill*         0x0000251a        0x2 
 .text.port_pin_set_output_level
                0x0000251c       0x54 src/ASF/common2/components/memory/sd_mmc/sd_mmc_spi.o
 .text.system_interrupt_enable
                0x00002570       0x2c src/ASF/common2/components/memory/sd_mmc/sd_mmc_spi.o
 .text.spi_is_syncing
                0x0000259c       0x20 src/ASF/common2/components/memory/sd_mmc/sd_mmc_spi.o
 .text.spi_get_config_defaults
                0x000025bc       0x84 src/ASF/common2/components/memory/sd_mmc/sd_mmc_spi.o
 .text.spi_slave_inst_get_config_defaults
                0x00002640       0x22 src/ASF/common2/components/memory/sd_mmc/sd_mmc_spi.o
 *fill*         0x00002662        0x2 
 .text.spi_attach_slave
                0x00002664       0x64 src/ASF/common2/components/memory/sd_mmc/sd_mmc_spi.o
 .text.spi_enable
                0x000026c8       0x50 src/ASF/common2/components/memory/sd_mmc/sd_mmc_spi.o
 .text.sd_mmc_spi_crc7
                0x00002718       0xbc src/ASF/common2/components/memory/sd_mmc/sd_mmc_spi.o
 .text.sd_mmc_spi_wait_busy
                0x000027d4       0x6c src/ASF/common2/components/memory/sd_mmc/sd_mmc_spi.o
 .text.sd_mmc_spi_start_read_block
                0x00002840       0x84 src/ASF/common2/components/memory/sd_mmc/sd_mmc_spi.o
 .text.sd_mmc_spi_stop_read_block
                0x000028c4       0x2c src/ASF/common2/components/memory/sd_mmc/sd_mmc_spi.o
 .text.sd_mmc_spi_start_write_block
                0x000028f0       0x50 src/ASF/common2/components/memory/sd_mmc/sd_mmc_spi.o
 .text.sd_mmc_spi_stop_write_block
                0x00002940       0x94 src/ASF/common2/components/memory/sd_mmc/sd_mmc_spi.o
 .text.sd_mmc_spi_stop_multiwrite_block
                0x000029d4       0x9c src/ASF/common2/components/memory/sd_mmc/sd_mmc_spi.o
 .text.sd_mmc_deinit
                0x00002a70       0x1c src/ASF/common2/components/memory/sd_mmc/sd_mmc_spi.o
                0x00002a70                sd_mmc_deinit
 .text.sd_mmc_spi_init
                0x00002a8c       0xc8 src/ASF/common2/components/memory/sd_mmc/sd_mmc_spi.o
                0x00002a8c                sd_mmc_spi_init
 .text.sd_mmc_spi_select_device
                0x00002b54       0x88 src/ASF/common2/components/memory/sd_mmc/sd_mmc_spi.o
                0x00002b54                sd_mmc_spi_select_device
 .text.sd_mmc_spi_deselect_device
                0x00002bdc       0x44 src/ASF/common2/components/memory/sd_mmc/sd_mmc_spi.o
                0x00002bdc                sd_mmc_spi_deselect_device
 .text.sd_mmc_spi_send_clock
                0x00002c20       0x4c src/ASF/common2/components/memory/sd_mmc/sd_mmc_spi.o
                0x00002c20                sd_mmc_spi_send_clock
 .text.sd_mmc_spi_send_cmd
                0x00002c6c       0x28 src/ASF/common2/components/memory/sd_mmc/sd_mmc_spi.o
                0x00002c6c                sd_mmc_spi_send_cmd
 .text.sd_mmc_spi_adtc_start
                0x00002c94      0x218 src/ASF/common2/components/memory/sd_mmc/sd_mmc_spi.o
                0x00002c94                sd_mmc_spi_adtc_start
 .text.sd_mmc_spi_get_response
                0x00002eac       0x14 src/ASF/common2/components/memory/sd_mmc/sd_mmc_spi.o
                0x00002eac                sd_mmc_spi_get_response
 .text.sd_mmc_spi_read_word
                0x00002ec0       0xa4 src/ASF/common2/components/memory/sd_mmc/sd_mmc_spi.o
                0x00002ec0                sd_mmc_spi_read_word
 .text.sd_mmc_spi_start_read_blocks
                0x00002f64       0xa4 src/ASF/common2/components/memory/sd_mmc/sd_mmc_spi.o
                0x00002f64                sd_mmc_spi_start_read_blocks
 .text.sd_mmc_spi_wait_end_of_read_blocks
                0x00003008        0xc src/ASF/common2/components/memory/sd_mmc/sd_mmc_spi.o
                0x00003008                sd_mmc_spi_wait_end_of_read_blocks
 .text.sd_mmc_spi_start_write_blocks
                0x00003014       0xc0 src/ASF/common2/components/memory/sd_mmc/sd_mmc_spi.o
                0x00003014                sd_mmc_spi_start_write_blocks
 .text.sd_mmc_spi_wait_end_of_write_blocks
                0x000030d4       0x38 src/ASF/common2/components/memory/sd_mmc/sd_mmc_spi.o
                0x000030d4                sd_mmc_spi_wait_end_of_write_blocks
 .text.mem_test_unit_ready
                0x0000310c       0x40 src/ASF/common/services/storage/ctrl_access/ctrl_access.o
                0x0000310c                mem_test_unit_ready
 .text.mem_read_capacity
                0x0000314c       0x4c src/ASF/common/services/storage/ctrl_access/ctrl_access.o
                0x0000314c                mem_read_capacity
 .text.mem_sector_size
                0x00003198       0x2a src/ASF/common/services/storage/ctrl_access/ctrl_access.o
                0x00003198                mem_sector_size
 *fill*         0x000031c2        0x2 
 .text.mem_wr_protect
                0x000031c4       0x48 src/ASF/common/services/storage/ctrl_access/ctrl_access.o
                0x000031c4                mem_wr_protect
 .text.memory_2_ram
                0x0000320c       0x54 src/ASF/common/services/storage/ctrl_access/ctrl_access.o
                0x0000320c                memory_2_ram
 .text.ram_2_memory
                0x00003260       0x54 src/ASF/common/services/storage/ctrl_access/ctrl_access.o
                0x00003260                ram_2_memory
 .text.cpu_irq_enter_critical
                0x000032b4       0x54 src/ASF/common/utils/interrupt/interrupt_sam_nvic.o
                0x000032b4                cpu_irq_enter_critical
 .text.cpu_irq_leave_critical
                0x00003308       0x40 src/ASF/common/utils/interrupt/interrupt_sam_nvic.o
                0x00003308                cpu_irq_leave_critical
 .text.system_pinmux_get_config_defaults
                0x00003348       0x28 src/ASF/sam0/drivers/port/port.o
 .text.port_pin_set_config
                0x00003370       0x60 src/ASF/sam0/drivers/port/port.o
                0x00003370                port_pin_set_config
 .text.system_gclk_chan_get_config_defaults
                0x000033d0       0x16 src/ASF/sam0/drivers/rtc/rtc_sam_d_r_h/rtc_calendar.o
 *fill*         0x000033e6        0x2 
 .text.system_apb_clock_set_mask
                0x000033e8       0x5c src/ASF/sam0/drivers/rtc/rtc_sam_d_r_h/rtc_calendar.o
 .text.rtc_calendar_is_syncing
                0x00003444       0x28 src/ASF/sam0/drivers/rtc/rtc_sam_d_r_h/rtc_calendar.o
 .text.rtc_calendar_enable
                0x0000346c       0x38 src/ASF/sam0/drivers/rtc/rtc_sam_d_r_h/rtc_calendar.o
                0x0000346c                rtc_calendar_enable
 .text.rtc_calendar_disable
                0x000034a4       0x44 src/ASF/sam0/drivers/rtc/rtc_sam_d_r_h/rtc_calendar.o
                0x000034a4                rtc_calendar_disable
 .text.rtc_calendar_reset
                0x000034e8       0x44 src/ASF/sam0/drivers/rtc/rtc_sam_d_r_h/rtc_calendar.o
                0x000034e8                rtc_calendar_reset
 .text.rtc_calendar_time_to_register_value
                0x0000352c       0x88 src/ASF/sam0/drivers/rtc/rtc_sam_d_r_h/rtc_calendar.o
                0x0000352c                rtc_calendar_time_to_register_value
 .text.rtc_calendar_register_value_to_time
                0x000035b4       0xa0 src/ASF/sam0/drivers/rtc/rtc_sam_d_r_h/rtc_calendar.o
                0x000035b4                rtc_calendar_register_value_to_time
 .text._rtc_calendar_set_config
                0x00003654       0xc8 src/ASF/sam0/drivers/rtc/rtc_sam_d_r_h/rtc_calendar.o
 .text.rtc_calendar_init
                0x0000371c       0x94 src/ASF/sam0/drivers/rtc/rtc_sam_d_r_h/rtc_calendar.o
                0x0000371c                rtc_calendar_init
 .text.rtc_calendar_get_time
                0x000037b0       0x8c src/ASF/sam0/drivers/rtc/rtc_sam_d_r_h/rtc_calendar.o
                0x000037b0                rtc_calendar_get_time
 .text.rtc_calendar_set_alarm
                0x0000383c       0x74 src/ASF/sam0/drivers/rtc/rtc_sam_d_r_h/rtc_calendar.o
                0x0000383c                rtc_calendar_set_alarm
 .text.system_gclk_chan_get_config_defaults
                0x000038b0       0x16 src/ASF/sam0/drivers/sercom/sercom.o
 .text.long_division
                0x000038c6       0xe0 src/ASF/sam0/drivers/sercom/sercom.o
 .text._sercom_get_sync_baud_val
                0x000039a6       0x7c src/ASF/sam0/drivers/sercom/sercom.o
                0x000039a6                _sercom_get_sync_baud_val
 *fill*         0x00003a22        0x2 
 .text._sercom_get_async_baud_val
                0x00003a24      0x1c0 src/ASF/sam0/drivers/sercom/sercom.o
                0x00003a24                _sercom_get_async_baud_val
 .text.sercom_set_gclk_generator
                0x00003be4       0x8c src/ASF/sam0/drivers/sercom/sercom.o
                0x00003be4                sercom_set_gclk_generator
 .text._sercom_get_default_pad
                0x00003c70      0x1bc src/ASF/sam0/drivers/sercom/sercom.o
                0x00003c70                _sercom_get_default_pad
 .text._sercom_get_sercom_inst_index
                0x00003e2c       0x50 src/ASF/sam0/drivers/sercom/sercom.o
                0x00003e2c                _sercom_get_sercom_inst_index
 .text._sercom_default_handler
                0x00003e7c       0x14 src/ASF/sam0/drivers/sercom/sercom_interrupt.o
 .text._sercom_set_handler
                0x00003e90       0x6c src/ASF/sam0/drivers/sercom/sercom_interrupt.o
                0x00003e90                _sercom_set_handler
 .text._sercom_get_interrupt_vector
                0x00003efc       0x44 src/ASF/sam0/drivers/sercom/sercom_interrupt.o
                0x00003efc                _sercom_get_interrupt_vector
 .text.SERCOM0_Handler
                0x00003f40       0x18 src/ASF/sam0/drivers/sercom/sercom_interrupt.o
                0x00003f40                SERCOM0_Handler
 .text.SERCOM1_Handler
                0x00003f58       0x18 src/ASF/sam0/drivers/sercom/sercom_interrupt.o
                0x00003f58                SERCOM1_Handler
 .text.SERCOM2_Handler
                0x00003f70       0x18 src/ASF/sam0/drivers/sercom/sercom_interrupt.o
                0x00003f70                SERCOM2_Handler
 .text.SERCOM3_Handler
                0x00003f88       0x18 src/ASF/sam0/drivers/sercom/sercom_interrupt.o
                0x00003f88                SERCOM3_Handler
 .text.SERCOM4_Handler
                0x00003fa0       0x18 src/ASF/sam0/drivers/sercom/sercom_interrupt.o
                0x00003fa0                SERCOM4_Handler
 .text.SERCOM5_Handler
                0x00003fb8       0x18 src/ASF/sam0/drivers/sercom/sercom_interrupt.o
                0x00003fb8                SERCOM5_Handler
 .text.system_pinmux_get_config_defaults
                0x00003fd0       0x28 src/ASF/sam0/drivers/sercom/spi/spi.o
 .text.system_pinmux_get_group_from_gpio_pin
                0x00003ff8       0x60 src/ASF/sam0/drivers/sercom/spi/spi.o
 .text.port_get_group_from_gpio_pin
                0x00004058       0x24 src/ASF/sam0/drivers/sercom/spi/spi.o
 .text.port_pin_set_output_level
                0x0000407c       0x54 src/ASF/sam0/drivers/sercom/spi/spi.o
 .text.system_gclk_chan_get_config_defaults
                0x000040d0       0x16 src/ASF/sam0/drivers/sercom/spi/spi.o
 *fill*         0x000040e6        0x2 
 .text.system_apb_clock_set_mask
                0x000040e8       0x5c src/ASF/sam0/drivers/sercom/spi/spi.o
 .text.system_is_debugger_present
                0x00004144       0x20 src/ASF/sam0/drivers/sercom/spi/spi.o
 .text.system_interrupt_enable
                0x00004164       0x2c src/ASF/sam0/drivers/sercom/spi/spi.o
 .text.system_interrupt_disable
                0x00004190       0x30 src/ASF/sam0/drivers/sercom/spi/spi.o
 .text.spi_is_syncing
                0x000041c0       0x20 src/ASF/sam0/drivers/sercom/spi/spi.o
 .text.spi_enable
                0x000041e0       0x50 src/ASF/sam0/drivers/sercom/spi/spi.o
 .text.spi_disable
                0x00004230       0x5c src/ASF/sam0/drivers/sercom/spi/spi.o
 .text.spi_is_write_complete
                0x0000428c       0x28 src/ASF/sam0/drivers/sercom/spi/spi.o
 .text.spi_is_ready_to_write
                0x000042b4       0x28 src/ASF/sam0/drivers/sercom/spi/spi.o
 .text.spi_is_ready_to_read
                0x000042dc       0x28 src/ASF/sam0/drivers/sercom/spi/spi.o
 .text.spi_write
                0x00004304       0x48 src/ASF/sam0/drivers/sercom/spi/spi.o
 .text.spi_read
                0x0000434c       0x88 src/ASF/sam0/drivers/sercom/spi/spi.o
 .text.spi_reset
                0x000043d4       0x40 src/ASF/sam0/drivers/sercom/spi/spi.o
                0x000043d4                spi_reset
 .text.spi_set_baudrate
                0x00004414       0xc8 src/ASF/sam0/drivers/sercom/spi/spi.o
                0x00004414                spi_set_baudrate
 .text._spi_set_config
                0x000044dc      0x210 src/ASF/sam0/drivers/sercom/spi/spi.o
 .text.spi_init
                0x000046ec      0x190 src/ASF/sam0/drivers/sercom/spi/spi.o
                0x000046ec                spi_init
 .text.spi_read_buffer_wait
                0x0000487c      0x134 src/ASF/sam0/drivers/sercom/spi/spi.o
                0x0000487c                spi_read_buffer_wait
 .text.spi_select_slave
                0x000049b0       0xf0 src/ASF/sam0/drivers/sercom/spi/spi.o
                0x000049b0                spi_select_slave
 .text.spi_write_buffer_wait
                0x00004aa0      0x14c src/ASF/sam0/drivers/sercom/spi/spi.o
                0x00004aa0                spi_write_buffer_wait
 .text._spi_write
                0x00004bec       0x7a src/ASF/sam0/drivers/sercom/spi/spi_interrupt.o
 *fill*         0x00004c66        0x2 
 .text._spi_write_dummy
                0x00004c68       0x34 src/ASF/sam0/drivers/sercom/spi/spi_interrupt.o
 .text._spi_read_dummy
                0x00004c9c       0x36 src/ASF/sam0/drivers/sercom/spi/spi_interrupt.o
 .text._spi_read
                0x00004cd2       0x70 src/ASF/sam0/drivers/sercom/spi/spi_interrupt.o
 *fill*         0x00004d42        0x2 
 .text._spi_interrupt_handler
                0x00004d44      0x280 src/ASF/sam0/drivers/sercom/spi/spi_interrupt.o
                0x00004d44                _spi_interrupt_handler
 .text.system_gclk_chan_get_config_defaults
                0x00004fc4       0x16 src/ASF/sam0/drivers/sercom/usart/usart.o
 *fill*         0x00004fda        0x2 
 .text.system_apb_clock_set_mask
                0x00004fdc       0x5c src/ASF/sam0/drivers/sercom/usart/usart.o
 .text.system_pinmux_get_config_defaults
                0x00005038       0x28 src/ASF/sam0/drivers/sercom/usart/usart.o
 .text.system_is_debugger_present
                0x00005060       0x20 src/ASF/sam0/drivers/sercom/usart/usart.o
 .text.usart_is_syncing
                0x00005080       0x20 src/ASF/sam0/drivers/sercom/usart/usart.o
 .text._usart_wait_for_sync
                0x000050a0       0x24 src/ASF/sam0/drivers/sercom/usart/usart.o
 .text._usart_set_config
                0x000050c4      0x2dc src/ASF/sam0/drivers/sercom/usart/usart.o
 .text.usart_init
                0x000053a0      0x274 src/ASF/sam0/drivers/sercom/usart/usart.o
                0x000053a0                usart_init
 .text.usart_write_wait
                0x00005614       0x64 src/ASF/sam0/drivers/sercom/usart/usart.o
                0x00005614                usart_write_wait
 .text.usart_read_wait
                0x00005678       0xec src/ASF/sam0/drivers/sercom/usart/usart.o
                0x00005678                usart_read_wait
 .text.system_interrupt_enter_critical_section
                0x00005764       0x14 src/ASF/sam0/drivers/sercom/usart/usart_interrupt.o
 .text.system_interrupt_leave_critical_section
                0x00005778       0x14 src/ASF/sam0/drivers/sercom/usart/usart_interrupt.o
 .text.usart_is_syncing
                0x0000578c       0x20 src/ASF/sam0/drivers/sercom/usart/usart_interrupt.o
 .text._usart_wait_for_sync
                0x000057ac       0x24 src/ASF/sam0/drivers/sercom/usart/usart_interrupt.o
 .text._usart_write_buffer
                0x000057d0       0x5c src/ASF/sam0/drivers/sercom/usart/usart_interrupt.o
                0x000057d0                _usart_write_buffer
 .text._usart_read_buffer
                0x0000582c       0x78 src/ASF/sam0/drivers/sercom/usart/usart_interrupt.o
                0x0000582c                _usart_read_buffer
 .text.usart_register_callback
                0x000058a4       0x48 src/ASF/sam0/drivers/sercom/usart/usart_interrupt.o
                0x000058a4                usart_register_callback
 .text.usart_write_buffer_job
                0x000058ec       0x48 src/ASF/sam0/drivers/sercom/usart/usart_interrupt.o
                0x000058ec                usart_write_buffer_job
 .text.usart_read_buffer_job
                0x00005934       0x48 src/ASF/sam0/drivers/sercom/usart/usart_interrupt.o
                0x00005934                usart_read_buffer_job
 .text.usart_get_job_status
                0x0000597c       0x50 src/ASF/sam0/drivers/sercom/usart/usart_interrupt.o
                0x0000597c                usart_get_job_status
 .text._usart_interrupt_handler
                0x000059cc      0x340 src/ASF/sam0/drivers/sercom/usart/usart_interrupt.o
                0x000059cc                _usart_interrupt_handler
 .text.system_gclk_gen_get_config_defaults
                0x00005d0c       0x2e src/ASF/sam0/drivers/system/clock/clock_samd21_r21_da_ha1/clock.o
 .text.system_gclk_chan_get_config_defaults
                0x00005d3a       0x16 src/ASF/sam0/drivers/system/clock/clock_samd21_r21_da_ha1/clock.o
 .text.system_clock_source_xosc32k_get_config_defaults
                0x00005d50       0x48 src/ASF/sam0/drivers/system/clock/clock_samd21_r21_da_ha1/clock.o
 .text.system_clock_source_osc8m_get_config_defaults
                0x00005d98       0x22 src/ASF/sam0/drivers/system/clock/clock_samd21_r21_da_ha1/clock.o
 .text.system_clock_source_dfll_get_config_defaults
                0x00005dba       0x52 src/ASF/sam0/drivers/system/clock/clock_samd21_r21_da_ha1/clock.o
 .text.system_cpu_clock_set_divider
                0x00005e0c       0x20 src/ASF/sam0/drivers/system/clock/clock_samd21_r21_da_ha1/clock.o
 .text.system_apb_clock_set_divider
                0x00005e2c       0x54 src/ASF/sam0/drivers/system/clock/clock_samd21_r21_da_ha1/clock.o
 .text.system_flash_set_waitstates
                0x00005e80       0x34 src/ASF/sam0/drivers/system/clock/clock_samd21_r21_da_ha1/clock.o
 .text._system_dfll_wait_for_sync
                0x00005eb4       0x1c src/ASF/sam0/drivers/system/clock/clock_samd21_r21_da_ha1/clock.o
 .text._system_clock_source_dfll_set_config_errata_9905
                0x00005ed0       0x44 src/ASF/sam0/drivers/system/clock/clock_samd21_r21_da_ha1/clock.o
 .text.system_clock_source_get_hz
                0x00005f14       0xc0 src/ASF/sam0/drivers/system/clock/clock_samd21_r21_da_ha1/clock.o
                0x00005f14                system_clock_source_get_hz
 .text.system_clock_source_osc8m_set_config
                0x00005fd4       0x78 src/ASF/sam0/drivers/system/clock/clock_samd21_r21_da_ha1/clock.o
                0x00005fd4                system_clock_source_osc8m_set_config
 .text.system_clock_source_xosc32k_set_config
                0x0000604c      0x120 src/ASF/sam0/drivers/system/clock/clock_samd21_r21_da_ha1/clock.o
                0x0000604c                system_clock_source_xosc32k_set_config
 .text.system_clock_source_dfll_set_config
                0x0000616c       0xd0 src/ASF/sam0/drivers/system/clock/clock_samd21_r21_da_ha1/clock.o
                0x0000616c                system_clock_source_dfll_set_config
 .text.system_clock_source_enable
                0x0000623c       0xac src/ASF/sam0/drivers/system/clock/clock_samd21_r21_da_ha1/clock.o
                0x0000623c                system_clock_source_enable
 .text.system_clock_source_is_ready
                0x000062e8       0x84 src/ASF/sam0/drivers/system/clock/clock_samd21_r21_da_ha1/clock.o
                0x000062e8                system_clock_source_is_ready
 .text._switch_peripheral_gclk
                0x0000636c       0x38 src/ASF/sam0/drivers/system/clock/clock_samd21_r21_da_ha1/clock.o
 .text.system_clock_init
                0x000063a4      0x270 src/ASF/sam0/drivers/system/clock/clock_samd21_r21_da_ha1/clock.o
                0x000063a4                system_clock_init
 .text.system_apb_clock_set_mask
                0x00006614       0x5c src/ASF/sam0/drivers/system/clock/clock_samd21_r21_da_ha1/gclk.o
 .text.system_interrupt_enter_critical_section
                0x00006670       0x14 src/ASF/sam0/drivers/system/clock/clock_samd21_r21_da_ha1/gclk.o
 .text.system_interrupt_leave_critical_section
                0x00006684       0x14 src/ASF/sam0/drivers/system/clock/clock_samd21_r21_da_ha1/gclk.o
 .text.system_gclk_is_syncing
                0x00006698       0x20 src/ASF/sam0/drivers/system/clock/clock_samd21_r21_da_ha1/gclk.o
 .text.system_gclk_init
                0x000066b8       0x30 src/ASF/sam0/drivers/system/clock/clock_samd21_r21_da_ha1/gclk.o
                0x000066b8                system_gclk_init
 .text.system_gclk_gen_set_config
                0x000066e8      0x124 src/ASF/sam0/drivers/system/clock/clock_samd21_r21_da_ha1/gclk.o
                0x000066e8                system_gclk_gen_set_config
 .text.system_gclk_gen_enable
                0x0000680c       0x5c src/ASF/sam0/drivers/system/clock/clock_samd21_r21_da_ha1/gclk.o
                0x0000680c                system_gclk_gen_enable
 .text.system_gclk_gen_get_hz
                0x00006868       0xd8 src/ASF/sam0/drivers/system/clock/clock_samd21_r21_da_ha1/gclk.o
                0x00006868                system_gclk_gen_get_hz
 .text.system_gclk_chan_set_config
                0x00006940       0x44 src/ASF/sam0/drivers/system/clock/clock_samd21_r21_da_ha1/gclk.o
                0x00006940                system_gclk_chan_set_config
 .text.system_gclk_chan_enable
                0x00006984       0x48 src/ASF/sam0/drivers/system/clock/clock_samd21_r21_da_ha1/gclk.o
                0x00006984                system_gclk_chan_enable
 .text.system_gclk_chan_disable
                0x000069cc       0x98 src/ASF/sam0/drivers/system/clock/clock_samd21_r21_da_ha1/gclk.o
                0x000069cc                system_gclk_chan_disable
 .text.system_gclk_chan_get_hz
                0x00006a64       0x58 src/ASF/sam0/drivers/system/clock/clock_samd21_r21_da_ha1/gclk.o
                0x00006a64                system_gclk_chan_get_hz
 .text.system_pinmux_get_group_from_gpio_pin
                0x00006abc       0x60 src/ASF/sam0/drivers/system/pinmux/pinmux.o
 .text._system_pinmux_config
                0x00006b1c      0x110 src/ASF/sam0/drivers/system/pinmux/pinmux.o
 .text.system_pinmux_pin_set_config
                0x00006c2c       0x48 src/ASF/sam0/drivers/system/pinmux/pinmux.o
                0x00006c2c                system_pinmux_pin_set_config
 .text._system_dummy_init
                0x00006c74        0xa src/ASF/sam0/drivers/system/system.o
                0x00006c74                _system_extint_init
                0x00006c74                _system_events_init
                0x00006c74                _system_dummy_init
                0x00006c74                _system_divas_init
 *fill*         0x00006c7e        0x2 
 .text.system_init
                0x00006c80       0x34 src/ASF/sam0/drivers/system/system.o
                0x00006c80                system_init
 .text.Reset_Handler
                0x00006cb4       0xf8 src/ASF/sam0/utils/cmsis/samd21/source/gcc/startup_samd21.o
                0x00006cb4                Reset_Handler
 .text.Dummy_Handler
                0x00006dac        0x6 src/ASF/sam0/utils/cmsis/samd21/source/gcc/startup_samd21.o
                0x00006dac                DMAC_Handler
                0x00006dac                HardFault_Handler
                0x00006dac                AC_Handler
                0x00006dac                PendSV_Handler
                0x00006dac                NMI_Handler
                0x00006dac                ADC_Handler
                0x00006dac                TCC1_Handler
                0x00006dac                TCC0_Handler
                0x00006dac                RTC_Handler
                0x00006dac                EIC_Handler
                0x00006dac                WDT_Handler
                0x00006dac                TC4_Handler
                0x00006dac                USB_Handler
                0x00006dac                TC3_Handler
                0x00006dac                Dummy_Handler
                0x00006dac                PM_Handler
                0x00006dac                SVC_Handler
                0x00006dac                TCC2_Handler
                0x00006dac                EVSYS_Handler
                0x00006dac                I2S_Handler
                0x00006dac                NVMCTRL_Handler
                0x00006dac                DAC_Handler
                0x00006dac                PTC_Handler
                0x00006dac                TC5_Handler
                0x00006dac                SYSCTRL_Handler
 *fill*         0x00006db2        0x2 
 .text._read    0x00006db4       0x54 src/ASF/sam0/utils/stdio/read.o
                0x00006db4                _read
 .text._write   0x00006e08       0x6c src/ASF/sam0/utils/stdio/write.o
                0x00006e08                _write
 .text._sbrk    0x00006e74       0x3c src/ASF/sam0/utils/syscalls/gcc/syscalls.o
                0x00006e74                _sbrk
 .text._close   0x00006eb0       0x14 src/ASF/sam0/utils/syscalls/gcc/syscalls.o
                0x00006eb0                _close
 .text._fstat   0x00006ec4       0x1c src/ASF/sam0/utils/syscalls/gcc/syscalls.o
                0x00006ec4                _fstat
 .text._lseek   0x00006ee0       0x16 src/ASF/sam0/utils/syscalls/gcc/syscalls.o
                0x00006ee0                _lseek
 .text.rtc_calendar_get_time_defaults
                0x00006ef6       0x3c src/ASF/thirdparty/fatfs/fatfs-port-r0.09/diskio.o
 *fill*         0x00006f32        0x2 
 .text.rtc_calendar_get_config_defaults
                0x00006f34       0xa4 src/ASF/thirdparty/fatfs/fatfs-port-r0.09/diskio.o
 .text.configure_rtc_calendar
                0x00006fd8       0x94 src/ASF/thirdparty/fatfs/fatfs-port-r0.09/diskio.o
 .text.disk_initialize
                0x0000706c       0x84 src/ASF/thirdparty/fatfs/fatfs-port-r0.09/diskio.o
                0x0000706c                disk_initialize
 .text.disk_status
                0x000070f0       0x38 src/ASF/thirdparty/fatfs/fatfs-port-r0.09/diskio.o
                0x000070f0                disk_status
 .text.disk_read
                0x00007128       0xd8 src/ASF/thirdparty/fatfs/fatfs-port-r0.09/diskio.o
                0x00007128                disk_read
 .text.disk_write
                0x00007200       0xd8 src/ASF/thirdparty/fatfs/fatfs-port-r0.09/diskio.o
                0x00007200                disk_write
 .text.disk_ioctl
                0x000072d8       0xf8 src/ASF/thirdparty/fatfs/fatfs-port-r0.09/diskio.o
                0x000072d8                disk_ioctl
 .text.get_fattime
                0x000073d0       0x60 src/ASF/thirdparty/fatfs/fatfs-port-r0.09/sam0/fattime_rtc.o
                0x000073d0                get_fattime
 .text.mem_cpy  0x00007430       0x38 src/ASF/thirdparty/fatfs/fatfs-r0.09/src/ff.o
 .text.mem_set  0x00007468       0x30 src/ASF/thirdparty/fatfs/fatfs-r0.09/src/ff.o
 .text.mem_cmp  0x00007498       0x4a src/ASF/thirdparty/fatfs/fatfs-r0.09/src/ff.o
 .text.chk_chr  0x000074e2       0x32 src/ASF/thirdparty/fatfs/fatfs-r0.09/src/ff.o
 .text.move_window
                0x00007514       0xc8 src/ASF/thirdparty/fatfs/fatfs-r0.09/src/ff.o
 .text.sync     0x000075dc      0x198 src/ASF/thirdparty/fatfs/fatfs-r0.09/src/ff.o
 .text.clust2sect
                0x00007774       0x38 src/ASF/thirdparty/fatfs/fatfs-r0.09/src/ff.o
 .text.get_fat  0x000077ac      0x16c src/ASF/thirdparty/fatfs/fatfs-r0.09/src/ff.o
 .text.put_fat  0x00007918      0x23c src/ASF/thirdparty/fatfs/fatfs-r0.09/src/ff.o
 .text.remove_chain
                0x00007b54       0xc8 src/ASF/thirdparty/fatfs/fatfs-r0.09/src/ff.o
 .text.create_chain
                0x00007c1c      0x13c src/ASF/thirdparty/fatfs/fatfs-r0.09/src/ff.o
 .text.dir_sdi  0x00007d58      0x130 src/ASF/thirdparty/fatfs/fatfs-r0.09/src/ff.o
 .text.dir_next
                0x00007e88      0x1f0 src/ASF/thirdparty/fatfs/fatfs-r0.09/src/ff.o
 .text.cmp_lfn  0x00008078      0x104 src/ASF/thirdparty/fatfs/fatfs-r0.09/src/ff.o
 .text.pick_lfn
                0x0000817c       0xe4 src/ASF/thirdparty/fatfs/fatfs-r0.09/src/ff.o
 .text.fit_lfn  0x00008260      0x110 src/ASF/thirdparty/fatfs/fatfs-r0.09/src/ff.o
 .text.gen_numname
                0x00008370      0x100 src/ASF/thirdparty/fatfs/fatfs-r0.09/src/ff.o
 .text.sum_sfn  0x00008470       0x4e src/ASF/thirdparty/fatfs/fatfs-r0.09/src/ff.o
 *fill*         0x000084be        0x2 
 .text.dir_find
                0x000084c0      0x1fc src/ASF/thirdparty/fatfs/fatfs-r0.09/src/ff.o
 .text.dir_read
                0x000086bc      0x1c4 src/ASF/thirdparty/fatfs/fatfs-r0.09/src/ff.o
 .text.dir_register
                0x00008880      0x368 src/ASF/thirdparty/fatfs/fatfs-r0.09/src/ff.o
 .text.dir_remove
                0x00008be8       0xd8 src/ASF/thirdparty/fatfs/fatfs-r0.09/src/ff.o
 .text.create_name
                0x00008cc0      0x448 src/ASF/thirdparty/fatfs/fatfs-r0.09/src/ff.o
 .text.follow_path
                0x00009108      0x138 src/ASF/thirdparty/fatfs/fatfs-r0.09/src/ff.o
 .text.check_fs
                0x00009240       0xd4 src/ASF/thirdparty/fatfs/fatfs-r0.09/src/ff.o
 .text.chk_mounted
                0x00009314      0x5fc src/ASF/thirdparty/fatfs/fatfs-r0.09/src/ff.o
 .text.validate
                0x00009910       0x54 src/ASF/thirdparty/fatfs/fatfs-r0.09/src/ff.o
 .text.f_mount  0x00009964       0x58 src/ASF/thirdparty/fatfs/fatfs-r0.09/src/ff.o
                0x00009964                f_mount
 .text.f_open   0x000099bc      0x530 src/ASF/thirdparty/fatfs/fatfs-r0.09/src/ff.o
                0x000099bc                f_open
 .text.f_read   0x00009eec      0x29c src/ASF/thirdparty/fatfs/fatfs-r0.09/src/ff.o
                0x00009eec                f_read
 .text.f_write  0x0000a188      0x350 src/ASF/thirdparty/fatfs/fatfs-r0.09/src/ff.o
                0x0000a188                f_write
 .text.f_sync   0x0000a4d8      0x180 src/ASF/thirdparty/fatfs/fatfs-r0.09/src/ff.o
                0x0000a4d8                f_sync
 .text.f_close  0x0000a658       0x3c src/ASF/thirdparty/fatfs/fatfs-r0.09/src/ff.o
                0x0000a658                f_close
 .text.f_lseek  0x0000a694      0x274 src/ASF/thirdparty/fatfs/fatfs-r0.09/src/ff.o
                0x0000a694                f_lseek
 .text.f_unlink
                0x0000a908      0x260 src/ASF/thirdparty/fatfs/fatfs-r0.09/src/ff.o
                0x0000a908                f_unlink
 .text.f_putc   0x0000ab68       0x48 src/ASF/thirdparty/fatfs/fatfs-r0.09/src/ff.o
                0x0000ab68                f_putc
 .text.f_puts   0x0000abb0       0x4c src/ASF/thirdparty/fatfs/fatfs-r0.09/src/ff.o
                0x0000abb0                f_puts
 .text.ff_convert
                0x0000abfc       0xac src/ASF/thirdparty/fatfs/fatfs-r0.09/src/option/ccsbcs.o
                0x0000abfc                ff_convert
 .text.ff_wtoupper
                0x0000aca8       0x60 src/ASF/thirdparty/fatfs/fatfs-r0.09/src/option/ccsbcs.o
                0x0000aca8                ff_wtoupper
 .text.NVIC_SystemReset
                0x0000ad08       0x1c src/BootMain.o
 .text.crc32_calculate
                0x0000ad24       0x2c src/BootMain.o
 .text.system_apb_clock_set_mask
                0x0000ad50       0x5c src/BootMain.o
 .text.nvm_get_config_defaults
                0x0000adac       0x3c src/BootMain.o
 .text.system_reset
                0x0000ade8       0x14 src/BootMain.o
 .text.system_interrupt_enable_global
                0x0000adfc       0x1c src/BootMain.o
 .text.dsu_crc32_init
                0x0000ae18       0x18 src/BootMain.o
 .text.main     0x0000ae30      0x1a8 src/BootMain.o
                0x0000ae30                main
 .text.StartFilesystemAndTest
                0x0000afd8      0x2a0 src/BootMain.o
 .text.jumpToApplication
                0x0000b278       0x38 src/BootMain.o
 .text.configure_nvm
                0x0000b2b0       0x2c src/BootMain.o
 .text.CheckAndBurnCrcFirmware
                0x0000b2dc      0x204 src/BootMain.o
 .text.LoadFirmwareFromSDtoFlashTruncate
                0x0000b4e0      0x254 src/BootMain.o
 .text.compute_file_crc32
                0x0000b734      0x148 src/BootMain.o
 .text.LoadFirmwareFromSDtoFlash
                0x0000b87c      0x228 src/BootMain.o
 .text          0x0000baa4      0x114 c:/program files (x86)/atmel/studio/7.0/toolchain/arm/arm-gnu-toolchain/bin/../lib/gcc/arm-none-eabi/6.3.1/thumb/v6-m\libgcc.a(_udivsi3.o)
                0x0000baa4                __aeabi_uidiv
                0x0000baa4                __udivsi3
                0x0000bbb0                __aeabi_uidivmod
 .text          0x0000bbb8      0x1d4 c:/program files (x86)/atmel/studio/7.0/toolchain/arm/arm-gnu-toolchain/bin/../lib/gcc/arm-none-eabi/6.3.1/thumb/v6-m\libgcc.a(_divsi3.o)
                0x0000bbb8                __divsi3
                0x0000bbb8                __aeabi_idiv
                0x0000bd84                __aeabi_idivmod
 .text          0x0000bd8c        0x4 c:/program files (x86)/atmel/studio/7.0/toolchain/arm/arm-gnu-toolchain/bin/../lib/gcc/arm-none-eabi/6.3.1/thumb/v6-m\libgcc.a(_dvmd_tls.o)
                0x0000bd8c                __aeabi_idiv0
                0x0000bd8c                __aeabi_ldiv0
 .text          0x0000bd90       0x54 c:/program files (x86)/atmel/studio/7.0/toolchain/arm/arm-gnu-toolchain/bin/../lib/gcc/arm-none-eabi/6.3.1/thumb/v6-m\libgcc.a(_muldi3.o)
                0x0000bd90                __muldi3
                0x0000bd90                __aeabi_lmul
 .text.__libc_init_array
                0x0000bde4       0x48 c:/program files (x86)/atmel/studio/7.0/toolchain/arm/arm-gnu-toolchain/bin/../lib/gcc/arm-none-eabi/6.3.1/../../../../arm-none-eabi/lib/thumb/v6-m\libc_nano.a(lib_a-init.o)
                0x0000bde4                __libc_init_array
 .text.malloc   0x0000be2c       0x14 c:/program files (x86)/atmel/studio/7.0/toolchain/arm/arm-gnu-toolchain/bin/../lib/gcc/arm-none-eabi/6.3.1/../../../../arm-none-eabi/lib/thumb/v6-m\libc_nano.a(lib_a-malloc.o)
                0x0000be2c                malloc
 .text.memcpy   0x0000be40       0x12 c:/program files (x86)/atmel/studio/7.0/toolchain/arm/arm-gnu-toolchain/bin/../lib/gcc/arm-none-eabi/6.3.1/../../../../arm-none-eabi/lib/thumb/v6-m\libc_nano.a(lib_a-memcpy-stub.o)
                0x0000be40                memcpy
 .text.memset   0x0000be52       0x10 c:/program files (x86)/atmel/studio/7.0/toolchain/arm/arm-gnu-toolchain/bin/../lib/gcc/arm-none-eabi/6.3.1/../../../../arm-none-eabi/lib/thumb/v6-m\libc_nano.a(lib_a-memset.o)
                0x0000be52                memset
 *fill*         0x0000be62        0x2 
 .text._free_r  0x0000be64       0x94 c:/program files (x86)/atmel/studio/7.0/toolchain/arm/arm-gnu-toolchain/bin/../lib/gcc/arm-none-eabi/6.3.1/../../../../arm-none-eabi/lib/thumb/v6-m\libc_nano.a(lib_a-nano-freer.o)
                0x0000be64                _free_r
 .text._malloc_r
                0x0000bef8       0xbc c:/program files (x86)/atmel/studio/7.0/toolchain/arm/arm-gnu-toolchain/bin/../lib/gcc/arm-none-eabi/6.3.1/../../../../arm-none-eabi/lib/thumb/v6-m\libc_nano.a(lib_a-nano-mallocr.o)
                0x0000bef8                _malloc_r
 .text._sbrk_r  0x0000bfb4       0x24 c:/program files (x86)/atmel/studio/7.0/toolchain/arm/arm-gnu-toolchain/bin/../lib/gcc/arm-none-eabi/6.3.1/../../../../arm-none-eabi/lib/thumb/v6-m\libc_nano.a(lib_a-sbrkr.o)
                0x0000bfb4                _sbrk_r
 .text.setbuf   0x0000bfd8       0x12 c:/program files (x86)/atmel/studio/7.0/toolchain/arm/arm-gnu-toolchain/bin/../lib/gcc/arm-none-eabi/6.3.1/../../../../arm-none-eabi/lib/thumb/v6-m\libc_nano.a(lib_a-setbuf.o)
                0x0000bfd8                setbuf
 *fill*         0x0000bfea        0x2 
 .text.setvbuf  0x0000bfec      0x158 c:/program files (x86)/atmel/studio/7.0/toolchain/arm/arm-gnu-toolchain/bin/../lib/gcc/arm-none-eabi/6.3.1/../../../../arm-none-eabi/lib/thumb/v6-m\libc_nano.a(lib_a-setvbuf.o)
                0x0000bfec                setvbuf
 .text.sprintf  0x0000c144       0x44 c:/program files (x86)/atmel/studio/7.0/toolchain/arm/arm-gnu-toolchain/bin/../lib/gcc/arm-none-eabi/6.3.1/../../../../arm-none-eabi/lib/thumb/v6-m\libc_nano.a(lib_a-sprintf.o)
                0x0000c144                siprintf
                0x0000c144                sprintf
 .text          0x0000c188        0xe c:/program files (x86)/atmel/studio/7.0/toolchain/arm/arm-gnu-toolchain/bin/../lib/gcc/arm-none-eabi/6.3.1/../../../../arm-none-eabi/lib/thumb/v6-m\libc_nano.a(lib_a-strlen.o)
                0x0000c188                strlen
 *fill*         0x0000c196        0x2 
 .text.__sflush_r
                0x0000c198      0x114 c:/program files (x86)/atmel/studio/7.0/toolchain/arm/arm-gnu-toolchain/bin/../lib/gcc/arm-none-eabi/6.3.1/../../../../arm-none-eabi/lib/thumb/v6-m\libc_nano.a(lib_a-fflush.o)
                0x0000c198                __sflush_r
 .text._fflush_r
                0x0000c2ac       0x58 c:/program files (x86)/atmel/studio/7.0/toolchain/arm/arm-gnu-toolchain/bin/../lib/gcc/arm-none-eabi/6.3.1/../../../../arm-none-eabi/lib/thumb/v6-m\libc_nano.a(lib_a-fflush.o)
                0x0000c2ac                _fflush_r
 .text._cleanup_r
                0x0000c304       0x10 c:/program files (x86)/atmel/studio/7.0/toolchain/arm/arm-gnu-toolchain/bin/../lib/gcc/arm-none-eabi/6.3.1/../../../../arm-none-eabi/lib/thumb/v6-m\libc_nano.a(lib_a-findfp.o)
                0x0000c304                _cleanup_r
 .text.std.isra.0
                0x0000c314       0x48 c:/program files (x86)/atmel/studio/7.0/toolchain/arm/arm-gnu-toolchain/bin/../lib/gcc/arm-none-eabi/6.3.1/../../../../arm-none-eabi/lib/thumb/v6-m\libc_nano.a(lib_a-findfp.o)
 .text.__sfmoreglue
                0x0000c35c       0x2c c:/program files (x86)/atmel/studio/7.0/toolchain/arm/arm-gnu-toolchain/bin/../lib/gcc/arm-none-eabi/6.3.1/../../../../arm-none-eabi/lib/thumb/v6-m\libc_nano.a(lib_a-findfp.o)
                0x0000c35c                __sfmoreglue
 .text.__sinit  0x0000c388       0x68 c:/program files (x86)/atmel/studio/7.0/toolchain/arm/arm-gnu-toolchain/bin/../lib/gcc/arm-none-eabi/6.3.1/../../../../arm-none-eabi/lib/thumb/v6-m\libc_nano.a(lib_a-findfp.o)
                0x0000c388                __sinit
 .text.__sfp    0x0000c3f0       0x80 c:/program files (x86)/atmel/studio/7.0/toolchain/arm/arm-gnu-toolchain/bin/../lib/gcc/arm-none-eabi/6.3.1/../../../../arm-none-eabi/lib/thumb/v6-m\libc_nano.a(lib_a-findfp.o)
                0x0000c3f0                __sfp
 .text._fwalk_reent
                0x0000c470       0x42 c:/program files (x86)/atmel/studio/7.0/toolchain/arm/arm-gnu-toolchain/bin/../lib/gcc/arm-none-eabi/6.3.1/../../../../arm-none-eabi/lib/thumb/v6-m\libc_nano.a(lib_a-fwalk.o)
                0x0000c470                _fwalk_reent
 *fill*         0x0000c4b2        0x2 
 .text.__swhatbuf_r
                0x0000c4b4       0x50 c:/program files (x86)/atmel/studio/7.0/toolchain/arm/arm-gnu-toolchain/bin/../lib/gcc/arm-none-eabi/6.3.1/../../../../arm-none-eabi/lib/thumb/v6-m\libc_nano.a(lib_a-makebuf.o)
                0x0000c4b4                __swhatbuf_r
 .text.__malloc_lock
                0x0000c504        0x2 c:/program files (x86)/atmel/studio/7.0/toolchain/arm/arm-gnu-toolchain/bin/../lib/gcc/arm-none-eabi/6.3.1/../../../../arm-none-eabi/lib/thumb/v6-m\libc_nano.a(lib_a-mlock.o)
                0x0000c504                __malloc_lock
 .text.__malloc_unlock
                0x0000c506        0x2 c:/program files (x86)/atmel/studio/7.0/toolchain/arm/arm-gnu-toolchain/bin/../lib/gcc/arm-none-eabi/6.3.1/../../../../arm-none-eabi/lib/thumb/v6-m\libc_nano.a(lib_a-mlock.o)
                0x0000c506                __malloc_unlock
 .text.__ssputs_r
                0x0000c508       0xc4 c:/program files (x86)/atmel/studio/7.0/toolchain/arm/arm-gnu-toolchain/bin/../lib/gcc/arm-none-eabi/6.3.1/../../../../arm-none-eabi/lib/thumb/v6-m\libc_nano.a(lib_a-nano-svfprintf.o)
                0x0000c508                __ssputs_r
 .text._svfprintf_r
                0x0000c5cc      0x208 c:/program files (x86)/atmel/studio/7.0/toolchain/arm/arm-gnu-toolchain/bin/../lib/gcc/arm-none-eabi/6.3.1/../../../../arm-none-eabi/lib/thumb/v6-m\libc_nano.a(lib_a-nano-svfprintf.o)
                0x0000c5cc                _svfiprintf_r
                0x0000c5cc                _svfprintf_r
 .text._printf_common
                0x0000c7d4       0xda c:/program files (x86)/atmel/studio/7.0/toolchain/arm/arm-gnu-toolchain/bin/../lib/gcc/arm-none-eabi/6.3.1/../../../../arm-none-eabi/lib/thumb/v6-m\libc_nano.a(lib_a-nano-vfprintf_i.o)
                0x0000c7d4                _printf_common
 *fill*         0x0000c8ae        0x2 
 .text._printf_i
                0x0000c8b0      0x234 c:/program files (x86)/atmel/studio/7.0/toolchain/arm/arm-gnu-toolchain/bin/../lib/gcc/arm-none-eabi/6.3.1/../../../../arm-none-eabi/lib/thumb/v6-m\libc_nano.a(lib_a-nano-vfprintf_i.o)
                0x0000c8b0                _printf_i
 .text.__sread  0x0000cae4       0x28 c:/program files (x86)/atmel/studio/7.0/toolchain/arm/arm-gnu-toolchain/bin/../lib/gcc/arm-none-eabi/6.3.1/../../../../arm-none-eabi/lib/thumb/v6-m\libc_nano.a(lib_a-stdio.o)
                0x0000cae4                __sread
 .text.__swrite
                0x0000cb0c       0x38 c:/program files (x86)/atmel/studio/7.0/toolchain/arm/arm-gnu-toolchain/bin/../lib/gcc/arm-none-eabi/6.3.1/../../../../arm-none-eabi/lib/thumb/v6-m\libc_nano.a(lib_a-stdio.o)
                0x0000cb0c                __swrite
 .text.__sseek  0x0000cb44       0x2c c:/program files (x86)/atmel/studio/7.0/toolchain/arm/arm-gnu-toolchain/bin/../lib/gcc/arm-none-eabi/6.3.1/../../../../arm-none-eabi/lib/thumb/v6-m\libc_nano.a(lib_a-stdio.o)
                0x0000cb44                __sseek
 .text.__sclose
                0x0000cb70        0xc c:/program files (x86)/atmel/studio/7.0/toolchain/arm/arm-gnu-toolchain/bin/../lib/gcc/arm-none-eabi/6.3.1/../../../../arm-none-eabi/lib/thumb/v6-m\libc_nano.a(lib_a-stdio.o)
                0x0000cb70                __sclose
 .text._write_r
                0x0000cb7c       0x28 c:/program files (x86)/atmel/studio/7.0/toolchain/arm/arm-gnu-toolchain/bin/../lib/gcc/arm-none-eabi/6.3.1/../../../../arm-none-eabi/lib/thumb/v6-m\libc_nano.a(lib_a-writer.o)
                0x0000cb7c                _write_r
 .text._close_r
                0x0000cba4       0x24 c:/program files (x86)/atmel/studio/7.0/toolchain/arm/arm-gnu-toolchain/bin/../lib/gcc/arm-none-eabi/6.3.1/../../../../arm-none-eabi/lib/thumb/v6-m\libc_nano.a(lib_a-closer.o)
                0x0000cba4                _close_r
 .text._fstat_r
                0x0000cbc8       0x24 c:/program files (x86)/atmel/studio/7.0/toolchain/arm/arm-gnu-toolchain/bin/../lib/gcc/arm-none-eabi/6.3.1/../../../../arm-none-eabi/lib/thumb/v6-m\libc_nano.a(lib_a-fstatr.o)
                0x0000cbc8                _fstat_r
 .text._lseek_r
                0x0000cbec       0x28 c:/program files (x86)/atmel/studio/7.0/toolchain/arm/arm-gnu-toolchain/bin/../lib/gcc/arm-none-eabi/6.3.1/../../../../arm-none-eabi/lib/thumb/v6-m\libc_nano.a(lib_a-lseekr.o)
                0x0000cbec                _lseek_r
 .text.memchr   0x0000cc14       0x16 c:/program files (x86)/atmel/studio/7.0/toolchain/arm/arm-gnu-toolchain/bin/../lib/gcc/arm-none-eabi/6.3.1/../../../../arm-none-eabi/lib/thumb/v6-m\libc_nano.a(lib_a-memchr-stub.o)
                0x0000cc14                memchr
 .text.memmove  0x0000cc2a       0x24 c:/program files (x86)/atmel/studio/7.0/toolchain/arm/arm-gnu-toolchain/bin/../lib/gcc/arm-none-eabi/6.3.1/../../../../arm-none-eabi/lib/thumb/v6-m\libc_nano.a(lib_a-memmove.o)
                0x0000cc2a                memmove
 .text._realloc_r
                0x0000cc4e       0x4c c:/program files (x86)/atmel/studio/7.0/toolchain/arm/arm-gnu-toolchain/bin/../lib/gcc/arm-none-eabi/6.3.1/../../../../arm-none-eabi/lib/thumb/v6-m\libc_nano.a(lib_a-nano-reallocr.o)
                0x0000cc4e                _realloc_r
 *fill*         0x0000cc9a        0x2 
 .text._read_r  0x0000cc9c       0x28 c:/program files (x86)/atmel/studio/7.0/toolchain/arm/arm-gnu-toolchain/bin/../lib/gcc/arm-none-eabi/6.3.1/../../../../arm-none-eabi/lib/thumb/v6-m\libc_nano.a(lib_a-readr.o)
                0x0000cc9c                _read_r
 .text._malloc_usable_size_r
                0x0000ccc4       0x10 c:/program files (x86)/atmel/studio/7.0/toolchain/arm/arm-gnu-toolchain/bin/../lib/gcc/arm-none-eabi/6.3.1/../../../../arm-none-eabi/lib/thumb/v6-m\libc_nano.a(lib_a-nano-msizer.o)
                0x0000ccc4                _malloc_usable_size_r
 *(.glue_7t)
 .glue_7t       0x0000ccd4        0x0 linker stubs
 *(.glue_7)
 .glue_7        0x0000ccd4        0x0 linker stubs
 *(.rodata .rodata* .gnu.linkonce.r.*)
 .rodata.nvm_execute_command
                0x0000ccd4      0x118 src/ASF/sam0/drivers/nvm/nvm.o
 .rodata.sd_mmc_trans_units
                0x0000cdec       0x1c src/ASF/common2/components/memory/sd_mmc/sd_mmc.o
                0x0000cdec                sd_mmc_trans_units
 .rodata.sd_trans_multipliers
                0x0000ce08       0x40 src/ASF/common2/components/memory/sd_mmc/sd_mmc.o
                0x0000ce08                sd_trans_multipliers
 .rodata.mmc_trans_multipliers
                0x0000ce48       0x40 src/ASF/common2/components/memory/sd_mmc/sd_mmc.o
                0x0000ce48                mmc_trans_multipliers
 .rodata        0x0000ce88       0x15 src/ASF/common/services/storage/ctrl_access/ctrl_access.o
 *fill*         0x0000ce9d        0x3 
 .rodata.lun_desc
                0x0000cea0       0x20 src/ASF/common/services/storage/ctrl_access/ctrl_access.o
 .rodata        0x0000cec0       0x18 src/ASF/sam0/drivers/sercom/sercom.o
 .rodata        0x0000ced8        0x6 src/ASF/sam0/drivers/sercom/sercom_interrupt.o
 *fill*         0x0000cede        0x2 
 .rodata.system_clock_source_get_hz
                0x0000cee0       0x24 src/ASF/sam0/drivers/system/clock/clock_samd21_r21_da_ha1/clock.o
 .rodata.system_clock_source_enable
                0x0000cf04       0x24 src/ASF/sam0/drivers/system/clock/clock_samd21_r21_da_ha1/clock.o
 .rodata.system_clock_source_is_ready
                0x0000cf28       0x24 src/ASF/sam0/drivers/system/clock/clock_samd21_r21_da_ha1/clock.o
 .rodata.LfnOfs
                0x0000cf4c        0xd src/ASF/thirdparty/fatfs/fatfs-r0.09/src/ff.o
 *fill*         0x0000cf59        0x3 
 .rodata        0x0000cf5c       0x48 src/ASF/thirdparty/fatfs/fatfs-r0.09/src/ff.o
 .rodata.excvt.4558
                0x0000cfa4       0x80 src/ASF/thirdparty/fatfs/fatfs-r0.09/src/ff.o
 .rodata.Tbl    0x0000d024      0x100 src/ASF/thirdparty/fatfs/fatfs-r0.09/src/option/ccsbcs.o
 .rodata.tbl_lower.4308
                0x0000d124      0x1e0 src/ASF/thirdparty/fatfs/fatfs-r0.09/src/option/ccsbcs.o
 .rodata.tbl_upper.4309
                0x0000d304      0x1e0 src/ASF/thirdparty/fatfs/fatfs-r0.09/src/option/ccsbcs.o
 .rodata        0x0000d4e4      0x65a src/BootMain.o
 *fill*         0x0000db3e        0x2 
 .rodata._global_impure_ptr
                0x0000db40        0x4 c:/program files (x86)/atmel/studio/7.0/toolchain/arm/arm-gnu-toolchain/bin/../lib/gcc/arm-none-eabi/6.3.1/../../../../arm-none-eabi/lib/thumb/v6-m\libc_nano.a(lib_a-impure.o)
                0x0000db40                _global_impure_ptr
 .rodata.__sf_fake_stderr
                0x0000db44       0x20 c:/program files (x86)/atmel/studio/7.0/toolchain/arm/arm-gnu-toolchain/bin/../lib/gcc/arm-none-eabi/6.3.1/../../../../arm-none-eabi/lib/thumb/v6-m\libc_nano.a(lib_a-findfp.o)
                0x0000db44                __sf_fake_stderr
 .rodata.__sf_fake_stdin
                0x0000db64       0x20 c:/program files (x86)/atmel/studio/7.0/toolchain/arm/arm-gnu-toolchain/bin/../lib/gcc/arm-none-eabi/6.3.1/../../../../arm-none-eabi/lib/thumb/v6-m\libc_nano.a(lib_a-findfp.o)
                0x0000db64                __sf_fake_stdin
 .rodata.__sf_fake_stdout
                0x0000db84       0x20 c:/program files (x86)/atmel/studio/7.0/toolchain/arm/arm-gnu-toolchain/bin/../lib/gcc/arm-none-eabi/6.3.1/../../../../arm-none-eabi/lib/thumb/v6-m\libc_nano.a(lib_a-findfp.o)
                0x0000db84                __sf_fake_stdout
 .rodata._svfprintf_r.str1.1
                0x0000dba4       0x11 c:/program files (x86)/atmel/studio/7.0/toolchain/arm/arm-gnu-toolchain/bin/../lib/gcc/arm-none-eabi/6.3.1/../../../../arm-none-eabi/lib/thumb/v6-m\libc_nano.a(lib_a-nano-svfprintf.o)
 .rodata._printf_i.str1.1
                0x0000dbb5       0x22 c:/program files (x86)/atmel/studio/7.0/toolchain/arm/arm-gnu-toolchain/bin/../lib/gcc/arm-none-eabi/6.3.1/../../../../arm-none-eabi/lib/thumb/v6-m\libc_nano.a(lib_a-nano-vfprintf_i.o)
 *(.ARM.extab* .gnu.linkonce.armextab.*)
                0x0000dbd8                . = ALIGN (0x4)
 *fill*         0x0000dbd7        0x1 
 *(.init)
 .init          0x0000dbd8        0x4 c:/program files (x86)/atmel/studio/7.0/toolchain/arm/arm-gnu-toolchain/bin/../lib/gcc/arm-none-eabi/6.3.1/thumb/v6-m/crti.o
                0x0000dbd8                _init
 .init          0x0000dbdc        0x8 c:/program files (x86)/atmel/studio/7.0/toolchain/arm/arm-gnu-toolchain/bin/../lib/gcc/arm-none-eabi/6.3.1/thumb/v6-m/crtn.o
                0x0000dbe4                . = ALIGN (0x4)
                0x0000dbe4                __preinit_array_start = .
 *(.preinit_array)
                0x0000dbe4                __preinit_array_end = .
                0x0000dbe4                . = ALIGN (0x4)
                0x0000dbe4                __init_array_start = .
 *(SORT(.init_array.*))
 *(.init_array)
 .init_array    0x0000dbe4        0x4 c:/program files (x86)/atmel/studio/7.0/toolchain/arm/arm-gnu-toolchain/bin/../lib/gcc/arm-none-eabi/6.3.1/thumb/v6-m/crtbegin.o
                0x0000dbe8                __init_array_end = .
                0x0000dbe8                . = ALIGN (0x4)
 *crtbegin.o(.ctors)
 *(EXCLUDE_FILE(*crtend.o) .ctors)
 *(SORT(.ctors.*))
 *crtend.o(.ctors)
                0x0000dbe8                . = ALIGN (0x4)
 *(.fini)
 .fini          0x0000dbe8        0x4 c:/program files (x86)/atmel/studio/7.0/toolchain/arm/arm-gnu-toolchain/bin/../lib/gcc/arm-none-eabi/6.3.1/thumb/v6-m/crti.o
                0x0000dbe8                _fini
 .fini          0x0000dbec        0x8 c:/program files (x86)/atmel/studio/7.0/toolchain/arm/arm-gnu-toolchain/bin/../lib/gcc/arm-none-eabi/6.3.1/thumb/v6-m/crtn.o
                0x0000dbf4                . = ALIGN (0x4)
                0x0000dbf4                __fini_array_start = .
 *(.fini_array)
 .fini_array    0x0000dbf4        0x4 c:/program files (x86)/atmel/studio/7.0/toolchain/arm/arm-gnu-toolchain/bin/../lib/gcc/arm-none-eabi/6.3.1/thumb/v6-m/crtbegin.o
 *(SORT(.fini_array.*))
                0x0000dbf8                __fini_array_end = .
 *crtbegin.o(.dtors)
 *(EXCLUDE_FILE(*crtend.o) .dtors)
 *(SORT(.dtors.*))
 *crtend.o(.dtors)
                0x0000dbf8                . = ALIGN (0x4)
                0x0000dbf8                _efixed = .
                [!provide]                PROVIDE (__exidx_start, .)

.vfp11_veneer   0x0000dbf8        0x0
 .vfp11_veneer  0x0000dbf8        0x0 linker stubs

.v4_bx          0x0000dbf8        0x0
 .v4_bx         0x0000dbf8        0x0 linker stubs

.iplt           0x0000dbf8        0x0
 .iplt          0x0000dbf8        0x0 c:/program files (x86)/atmel/studio/7.0/toolchain/arm/arm-gnu-toolchain/bin/../lib/gcc/arm-none-eabi/6.3.1/thumb/v6-m/crtbegin.o

.eh_frame       0x0000dbf8        0x0
 .eh_frame      0x0000dbf8        0x0 c:/program files (x86)/atmel/studio/7.0/toolchain/arm/arm-gnu-toolchain/bin/../lib/gcc/arm-none-eabi/6.3.1/thumb/v6-m/crtbegin.o

.rel.dyn        0x0000dbf8        0x0
 .rel.iplt      0x0000dbf8        0x0 c:/program files (x86)/atmel/studio/7.0/toolchain/arm/arm-gnu-toolchain/bin/../lib/gcc/arm-none-eabi/6.3.1/thumb/v6-m/crtbegin.o

.jcr            0x0000dbf8        0x0
 .jcr           0x0000dbf8        0x0 c:/program files (x86)/atmel/studio/7.0/toolchain/arm/arm-gnu-toolchain/bin/../lib/gcc/arm-none-eabi/6.3.1/thumb/v6-m/crtbegin.o

.igot.plt       0x0000dbf8        0x0
 .igot.plt      0x0000dbf8        0x0 c:/program files (x86)/atmel/studio/7.0/toolchain/arm/arm-gnu-toolchain/bin/../lib/gcc/arm-none-eabi/6.3.1/thumb/v6-m/crtbegin.o

.ARM.exidx
 *(.ARM.exidx* .gnu.linkonce.armexidx.*)
                [!provide]                PROVIDE (__exidx_end, .)
                0x0000dbf8                . = ALIGN (0x4)
                0x0000dbf8                _etext = .

.relocate       0x20000000       0x94 load address 0x0000dbf8
                0x20000000                . = ALIGN (0x4)
                0x20000000                _srelocate = .
 *(.ramfunc .ramfunc.*)
 *(.data .data.*)
 .data.cycles_per_ms
                0x20000000        0x4 src/ASF/common2/services/delay/sam0/systick_counter.o
 .data.cycles_per_us
                0x20000004        0x4 src/ASF/common2/services/delay/sam0/systick_counter.o
 .data.ss_pins  0x20000008        0x1 src/ASF/common2/components/memory/sd_mmc/sd_mmc_spi.o
                0x20000008                ss_pins
 .data.g_interrupt_enabled
                0x20000009        0x1 src/ASF/common/utils/interrupt/interrupt_sam_nvic.o
                0x20000009                g_interrupt_enabled
 *fill*         0x2000000a        0x2 
 .data.test_file_name
                0x2000000c       0x12 src/BootMain.o
                0x2000000c                test_file_name
 *fill*         0x2000001e        0x2 
 .data.test_bin_file
                0x20000020       0x10 src/BootMain.o
                0x20000020                test_bin_file
 .data._impure_ptr
                0x20000030        0x4 c:/program files (x86)/atmel/studio/7.0/toolchain/arm/arm-gnu-toolchain/bin/../lib/gcc/arm-none-eabi/6.3.1/../../../../arm-none-eabi/lib/thumb/v6-m\libc_nano.a(lib_a-impure.o)
                0x20000030                _impure_ptr
 .data.impure_data
                0x20000034       0x60 c:/program files (x86)/atmel/studio/7.0/toolchain/arm/arm-gnu-toolchain/bin/../lib/gcc/arm-none-eabi/6.3.1/../../../../arm-none-eabi/lib/thumb/v6-m\libc_nano.a(lib_a-impure.o)
                0x20000094                . = ALIGN (0x4)
                0x20000094                _erelocate = .

.bss            0x20000094      0xc00 load address 0x0000dc8c
                0x20000094                . = ALIGN (0x4)
                0x20000094                _sbss = .
                0x20000094                _szero = .
 *(.bss .bss.*)
 .bss           0x20000094       0x1c c:/program files (x86)/atmel/studio/7.0/toolchain/arm/arm-gnu-toolchain/bin/../lib/gcc/arm-none-eabi/6.3.1/thumb/v6-m/crtbegin.o
 .bss.ul_tickcount
                0x200000b0        0x4 src/Systick/Systick.o
 .bss._nvm_dev  0x200000b4        0x6 src/ASF/sam0/drivers/nvm/nvm.o
 *fill*         0x200000ba        0x2 
 .bss.sd_mmc_cards
                0x200000bc       0x20 src/ASF/common2/components/memory/sd_mmc/sd_mmc.o
 .bss.sd_mmc_slot_sel
                0x200000dc        0x1 src/ASF/common2/components/memory/sd_mmc/sd_mmc.o
 *fill*         0x200000dd        0x3 
 .bss.sd_mmc_card
                0x200000e0        0x4 src/ASF/common2/components/memory/sd_mmc/sd_mmc.o
 .bss.sd_mmc_nb_block_to_tranfer
                0x200000e4        0x2 src/ASF/common2/components/memory/sd_mmc/sd_mmc.o
 .bss.sd_mmc_nb_block_remaining
                0x200000e6        0x2 src/ASF/common2/components/memory/sd_mmc/sd_mmc.o
 .bss.sd_mmc_ejected
                0x200000e8        0x2 src/ASF/common2/components/memory/sd_mmc/sd_mmc_mem.o
 *fill*         0x200000ea        0x2 
 .bss.sd_mmc_master
                0x200000ec       0x3c src/ASF/common2/components/memory/sd_mmc/sd_mmc_spi.o
 .bss.sd_mmc_spi_devices
                0x20000128        0x3 src/ASF/common2/components/memory/sd_mmc/sd_mmc_spi.o
 *fill*         0x2000012b        0x1 
 .bss.slave_configs
                0x2000012c        0x3 src/ASF/common2/components/memory/sd_mmc/sd_mmc_spi.o
 .bss.sd_mmc_spi_err
                0x2000012f        0x1 src/ASF/common2/components/memory/sd_mmc/sd_mmc_spi.o
 .bss.sd_mmc_spi_response_32
                0x20000130        0x4 src/ASF/common2/components/memory/sd_mmc/sd_mmc_spi.o
 .bss.sd_mmc_spi_transfert_pos
                0x20000134        0x4 src/ASF/common2/components/memory/sd_mmc/sd_mmc_spi.o
 .bss.sd_mmc_spi_block_size
                0x20000138        0x2 src/ASF/common2/components/memory/sd_mmc/sd_mmc_spi.o
 .bss.sd_mmc_spi_nb_block
                0x2000013a        0x2 src/ASF/common2/components/memory/sd_mmc/sd_mmc_spi.o
 .bss.cpu_irq_critical_section_counter
                0x2000013c        0x4 src/ASF/common/utils/interrupt/interrupt_sam_nvic.o
 .bss.cpu_irq_prev_interrupt_state
                0x20000140        0x1 src/ASF/common/utils/interrupt/interrupt_sam_nvic.o
 *fill*         0x20000141        0x3 
 .bss._sercom_config
                0x20000144        0x2 src/ASF/sam0/drivers/sercom/sercom.o
 .bss._handler_table_initialized
                0x20000146        0x1 src/ASF/sam0/drivers/sercom/sercom_interrupt.o
 *fill*         0x20000147        0x1 
 .bss._sercom_interrupt_handlers
                0x20000148       0x18 src/ASF/sam0/drivers/sercom/sercom_interrupt.o
 .bss._system_clock_inst
                0x20000160       0x18 src/ASF/sam0/drivers/system/clock/clock_samd21_r21_da_ha1/clock.o
 .bss.heap.5296
                0x20000178        0x4 src/ASF/sam0/utils/syscalls/gcc/syscalls.o
 .bss.FatFs     0x2000017c        0x4 src/ASF/thirdparty/fatfs/fatfs-r0.09/src/ff.o
 .bss.Fsid      0x20000180        0x2 src/ASF/thirdparty/fatfs/fatfs-r0.09/src/ff.o
 *fill*         0x20000182        0x2 
 .bss.__malloc_free_list
                0x20000184        0x4 c:/program files (x86)/atmel/studio/7.0/toolchain/arm/arm-gnu-toolchain/bin/../lib/gcc/arm-none-eabi/6.3.1/../../../../arm-none-eabi/lib/thumb/v6-m\libc_nano.a(lib_a-nano-mallocr.o)
                0x20000184                __malloc_free_list
 .bss.__malloc_sbrk_start
                0x20000188        0x4 c:/program files (x86)/atmel/studio/7.0/toolchain/arm/arm-gnu-toolchain/bin/../lib/gcc/arm-none-eabi/6.3.1/../../../../arm-none-eabi/lib/thumb/v6-m\libc_nano.a(lib_a-nano-mallocr.o)
                0x20000188                __malloc_sbrk_start
 *(COMMON)
 COMMON         0x2000018c      0x844 src/SerialConsole/SerialConsole.o
                0x2000018c                usart_instance
                0x200001c0                cbufRx
                0x200001c4                latestRx
                0x200001c8                txCharacterBuffer
                0x200005c8                rxCharacterBuffer
                0x200009c8                latestTx
                0x200009cc                cbufTx
 COMMON         0x200009d0        0x4 src/ASF/sam0/drivers/rtc/rtc_sam_d_r_h/rtc_calendar.o
                0x200009d0                _rtc_instance
 COMMON         0x200009d4       0x18 src/ASF/sam0/drivers/sercom/sercom_interrupt.o
                0x200009d4                _sercom_instances
 COMMON         0x200009ec        0x2 src/ASF/sam0/drivers/sercom/spi/spi_interrupt.o
                0x200009ec                dummy_write
 *fill*         0x200009ee        0x2 
 COMMON         0x200009f0        0x4 src/ASF/sam0/utils/stdio/read.o
                0x200009f0                ptr_get
 COMMON         0x200009f4        0x8 src/ASF/sam0/utils/stdio/write.o
                0x200009f4                ptr_put
                0x200009f8                stdio_base
 COMMON         0x200009fc        0x8 src/ASF/thirdparty/fatfs/fatfs-port-r0.09/diskio.o
                0x200009fc                rtc_instance
 COMMON         0x20000a04      0x28a src/BootMain.o
                0x20000a04                fs
                0x20000c34                file_object
                0x20000c58                cdc_uart_module
                0x20000c8c                res
                0x20000c8d                status
 *fill*         0x20000c8e        0x2 
 COMMON         0x20000c90        0x4 c:/program files (x86)/atmel/studio/7.0/toolchain/arm/arm-gnu-toolchain/bin/../lib/gcc/arm-none-eabi/6.3.1/../../../../arm-none-eabi/lib/thumb/v6-m\libc_nano.a(lib_a-reent.o)
                0x20000c90                errno
                0x20000c94                . = ALIGN (0x4)
                0x20000c94                _ebss = .
                0x20000c94                _ezero = .

.stack          0x20000c94     0x2004 load address 0x0000e88c
                0x20000c98                . = ALIGN (0x8)
 *fill*         0x20000c94        0x4 
                0x20000c98                _sstack = .
                0x20002c98                . = (. + STACK_SIZE)
 *fill*         0x20000c98     0x2000 
                0x20002c98                . = ALIGN (0x8)
                0x20002c98                _estack = .
                0x20002c98                . = ALIGN (0x4)
                0x20002c98                _end = .
OUTPUT(Bootloader.elf elf32-littlearm)

.ARM.attributes
                0x00000000       0x28
 .ARM.attributes
                0x00000000       0x1e c:/program files (x86)/atmel/studio/7.0/toolchain/arm/arm-gnu-toolchain/bin/../lib/gcc/arm-none-eabi/6.3.1/thumb/v6-m/crti.o
 .ARM.attributes
                0x0000001e       0x2c c:/program files (x86)/atmel/studio/7.0/toolchain/arm/arm-gnu-toolchain/bin/../lib/gcc/arm-none-eabi/6.3.1/thumb/v6-m/crtbegin.o
 .ARM.attributes
                0x0000004a       0x32 src/ASF/common2/services/delay/sam0/systick_counter.o
 .ARM.attributes
                0x0000007c       0x32 src/Systick/Systick.o
 .ARM.attributes
                0x000000ae       0x32 src/ASF/common/services/crc32/crc32.o
 .ARM.attributes
                0x000000e0       0x32 src/ASF/sam0/boards/board_init.o
 .ARM.attributes
                0x00000112       0x32 src/ASF/sam0/drivers/nvm/nvm.o
 .ARM.attributes
                0x00000144       0x32 src/SD Card/SdCard.o
 .ARM.attributes
                0x00000176       0x32 src/SerialConsole/circular_buffer.o
 .ARM.attributes
                0x000001a8       0x32 src/SerialConsole/SerialConsole.o
 .ARM.attributes
                0x000001da       0x32 src/ASF/common2/components/memory/sd_mmc/sd_mmc.o
 .ARM.attributes
                0x0000020c       0x32 src/ASF/common2/components/memory/sd_mmc/sd_mmc_mem.o
 .ARM.attributes
                0x0000023e       0x32 src/ASF/common2/components/memory/sd_mmc/sd_mmc_spi.o
 .ARM.attributes
                0x00000270       0x32 src/ASF/common/services/storage/ctrl_access/ctrl_access.o
 .ARM.attributes
                0x000002a2       0x32 src/ASF/common/utils/interrupt/interrupt_sam_nvic.o
 .ARM.attributes
                0x000002d4       0x32 src/ASF/sam0/drivers/port/port.o
 .ARM.attributes
                0x00000306       0x32 src/ASF/sam0/drivers/rtc/rtc_sam_d_r_h/rtc_calendar.o
 .ARM.attributes
                0x00000338       0x32 src/ASF/sam0/drivers/sercom/sercom.o
 .ARM.attributes
                0x0000036a       0x32 src/ASF/sam0/drivers/sercom/sercom_interrupt.o
 .ARM.attributes
                0x0000039c       0x32 src/ASF/sam0/drivers/sercom/spi/spi.o
 .ARM.attributes
                0x000003ce       0x32 src/ASF/sam0/drivers/sercom/spi/spi_interrupt.o
 .ARM.attributes
                0x00000400       0x32 src/ASF/sam0/drivers/sercom/usart/usart.o
 .ARM.attributes
                0x00000432       0x32 src/ASF/sam0/drivers/sercom/usart/usart_interrupt.o
 .ARM.attributes
                0x00000464       0x32 src/ASF/sam0/drivers/system/clock/clock_samd21_r21_da_ha1/clock.o
 .ARM.attributes
                0x00000496       0x32 src/ASF/sam0/drivers/system/clock/clock_samd21_r21_da_ha1/gclk.o
 .ARM.attributes
                0x000004c8       0x32 src/ASF/sam0/drivers/system/pinmux/pinmux.o
 .ARM.attributes
                0x000004fa       0x32 src/ASF/sam0/drivers/system/system.o
 .ARM.attributes
                0x0000052c       0x32 src/ASF/sam0/utils/cmsis/samd21/source/gcc/startup_samd21.o
 .ARM.attributes
                0x0000055e       0x32 src/ASF/sam0/utils/stdio/read.o
 .ARM.attributes
                0x00000590       0x32 src/ASF/sam0/utils/stdio/write.o
 .ARM.attributes
                0x000005c2       0x32 src/ASF/sam0/utils/syscalls/gcc/syscalls.o
 .ARM.attributes
                0x000005f4       0x32 src/ASF/thirdparty/fatfs/fatfs-port-r0.09/diskio.o
 .ARM.attributes
                0x00000626       0x32 src/ASF/thirdparty/fatfs/fatfs-port-r0.09/sam0/fattime_rtc.o
 .ARM.attributes
                0x00000658       0x32 src/ASF/thirdparty/fatfs/fatfs-r0.09/src/ff.o
 .ARM.attributes
                0x0000068a       0x32 src/ASF/thirdparty/fatfs/fatfs-r0.09/src/option/ccsbcs.o
 .ARM.attributes
                0x000006bc       0x32 src/BootMain.o
 .ARM.attributes
                0x000006ee       0x1e c:/program files (x86)/atmel/studio/7.0/toolchain/arm/arm-gnu-toolchain/bin/../lib/gcc/arm-none-eabi/6.3.1/thumb/v6-m\libgcc.a(_udivsi3.o)
 .ARM.attributes
                0x0000070c       0x1e c:/program files (x86)/atmel/studio/7.0/toolchain/arm/arm-gnu-toolchain/bin/../lib/gcc/arm-none-eabi/6.3.1/thumb/v6-m\libgcc.a(_divsi3.o)
 .ARM.attributes
                0x0000072a       0x1e c:/program files (x86)/atmel/studio/7.0/toolchain/arm/arm-gnu-toolchain/bin/../lib/gcc/arm-none-eabi/6.3.1/thumb/v6-m\libgcc.a(_dvmd_tls.o)
 .ARM.attributes
                0x00000748       0x2c c:/program files (x86)/atmel/studio/7.0/toolchain/arm/arm-gnu-toolchain/bin/../lib/gcc/arm-none-eabi/6.3.1/thumb/v6-m\libgcc.a(_muldi3.o)
 .ARM.attributes
                0x00000774       0x2c c:/program files (x86)/atmel/studio/7.0/toolchain/arm/arm-gnu-toolchain/bin/../lib/gcc/arm-none-eabi/6.3.1/../../../../arm-none-eabi/lib/thumb/v6-m\libc_nano.a(lib_a-impure.o)
 .ARM.attributes
                0x000007a0       0x2c c:/program files (x86)/atmel/studio/7.0/toolchain/arm/arm-gnu-toolchain/bin/../lib/gcc/arm-none-eabi/6.3.1/../../../../arm-none-eabi/lib/thumb/v6-m\libc_nano.a(lib_a-init.o)
 .ARM.attributes
                0x000007cc       0x2c c:/program files (x86)/atmel/studio/7.0/toolchain/arm/arm-gnu-toolchain/bin/../lib/gcc/arm-none-eabi/6.3.1/../../../../arm-none-eabi/lib/thumb/v6-m\libc_nano.a(lib_a-malloc.o)
 .ARM.attributes
                0x000007f8       0x2c c:/program files (x86)/atmel/studio/7.0/toolchain/arm/arm-gnu-toolchain/bin/../lib/gcc/arm-none-eabi/6.3.1/../../../../arm-none-eabi/lib/thumb/v6-m\libc_nano.a(lib_a-memcpy-stub.o)
 .ARM.attributes
                0x00000824       0x2c c:/program files (x86)/atmel/studio/7.0/toolchain/arm/arm-gnu-toolchain/bin/../lib/gcc/arm-none-eabi/6.3.1/../../../../arm-none-eabi/lib/thumb/v6-m\libc_nano.a(lib_a-memset.o)
 .ARM.attributes
                0x00000850       0x2c c:/program files (x86)/atmel/studio/7.0/toolchain/arm/arm-gnu-toolchain/bin/../lib/gcc/arm-none-eabi/6.3.1/../../../../arm-none-eabi/lib/thumb/v6-m\libc_nano.a(lib_a-nano-freer.o)
 .ARM.attributes
                0x0000087c       0x2c c:/program files (x86)/atmel/studio/7.0/toolchain/arm/arm-gnu-toolchain/bin/../lib/gcc/arm-none-eabi/6.3.1/../../../../arm-none-eabi/lib/thumb/v6-m\libc_nano.a(lib_a-nano-mallocr.o)
 .ARM.attributes
                0x000008a8       0x2c c:/program files (x86)/atmel/studio/7.0/toolchain/arm/arm-gnu-toolchain/bin/../lib/gcc/arm-none-eabi/6.3.1/../../../../arm-none-eabi/lib/thumb/v6-m\libc_nano.a(lib_a-sbrkr.o)
 .ARM.attributes
                0x000008d4       0x2c c:/program files (x86)/atmel/studio/7.0/toolchain/arm/arm-gnu-toolchain/bin/../lib/gcc/arm-none-eabi/6.3.1/../../../../arm-none-eabi/lib/thumb/v6-m\libc_nano.a(lib_a-setbuf.o)
 .ARM.attributes
                0x00000900       0x2c c:/program files (x86)/atmel/studio/7.0/toolchain/arm/arm-gnu-toolchain/bin/../lib/gcc/arm-none-eabi/6.3.1/../../../../arm-none-eabi/lib/thumb/v6-m\libc_nano.a(lib_a-setvbuf.o)
 .ARM.attributes
                0x0000092c       0x2c c:/program files (x86)/atmel/studio/7.0/toolchain/arm/arm-gnu-toolchain/bin/../lib/gcc/arm-none-eabi/6.3.1/../../../../arm-none-eabi/lib/thumb/v6-m\libc_nano.a(lib_a-sprintf.o)
 .ARM.attributes
                0x00000958       0x1c c:/program files (x86)/atmel/studio/7.0/toolchain/arm/arm-gnu-toolchain/bin/../lib/gcc/arm-none-eabi/6.3.1/../../../../arm-none-eabi/lib/thumb/v6-m\libc_nano.a(lib_a-strlen.o)
 .ARM.attributes
                0x00000974       0x2c c:/program files (x86)/atmel/studio/7.0/toolchain/arm/arm-gnu-toolchain/bin/../lib/gcc/arm-none-eabi/6.3.1/../../../../arm-none-eabi/lib/thumb/v6-m\libc_nano.a(lib_a-fflush.o)
 .ARM.attributes
                0x000009a0       0x2c c:/program files (x86)/atmel/studio/7.0/toolchain/arm/arm-gnu-toolchain/bin/../lib/gcc/arm-none-eabi/6.3.1/../../../../arm-none-eabi/lib/thumb/v6-m\libc_nano.a(lib_a-findfp.o)
 .ARM.attributes
                0x000009cc       0x2c c:/program files (x86)/atmel/studio/7.0/toolchain/arm/arm-gnu-toolchain/bin/../lib/gcc/arm-none-eabi/6.3.1/../../../../arm-none-eabi/lib/thumb/v6-m\libc_nano.a(lib_a-fwalk.o)
 .ARM.attributes
                0x000009f8       0x2c c:/program files (x86)/atmel/studio/7.0/toolchain/arm/arm-gnu-toolchain/bin/../lib/gcc/arm-none-eabi/6.3.1/../../../../arm-none-eabi/lib/thumb/v6-m\libc_nano.a(lib_a-makebuf.o)
 .ARM.attributes
                0x00000a24       0x2c c:/program files (x86)/atmel/studio/7.0/toolchain/arm/arm-gnu-toolchain/bin/../lib/gcc/arm-none-eabi/6.3.1/../../../../arm-none-eabi/lib/thumb/v6-m\libc_nano.a(lib_a-mlock.o)
 .ARM.attributes
                0x00000a50       0x2c c:/program files (x86)/atmel/studio/7.0/toolchain/arm/arm-gnu-toolchain/bin/../lib/gcc/arm-none-eabi/6.3.1/../../../../arm-none-eabi/lib/thumb/v6-m\libc_nano.a(lib_a-nano-svfprintf.o)
 .ARM.attributes
                0x00000a7c       0x2c c:/program files (x86)/atmel/studio/7.0/toolchain/arm/arm-gnu-toolchain/bin/../lib/gcc/arm-none-eabi/6.3.1/../../../../arm-none-eabi/lib/thumb/v6-m\libc_nano.a(lib_a-nano-vfprintf_i.o)
 .ARM.attributes
                0x00000aa8       0x2c c:/program files (x86)/atmel/studio/7.0/toolchain/arm/arm-gnu-toolchain/bin/../lib/gcc/arm-none-eabi/6.3.1/../../../../arm-none-eabi/lib/thumb/v6-m\libc_nano.a(lib_a-reent.o)
 .ARM.attributes
                0x00000ad4       0x2c c:/program files (x86)/atmel/studio/7.0/toolchain/arm/arm-gnu-toolchain/bin/../lib/gcc/arm-none-eabi/6.3.1/../../../../arm-none-eabi/lib/thumb/v6-m\libc_nano.a(lib_a-stdio.o)
 .ARM.attributes
                0x00000b00       0x2c c:/program files (x86)/atmel/studio/7.0/toolchain/arm/arm-gnu-toolchain/bin/../lib/gcc/arm-none-eabi/6.3.1/../../../../arm-none-eabi/lib/thumb/v6-m\libc_nano.a(lib_a-writer.o)
 .ARM.attributes
                0x00000b2c       0x2c c:/program files (x86)/atmel/studio/7.0/toolchain/arm/arm-gnu-toolchain/bin/../lib/gcc/arm-none-eabi/6.3.1/../../../../arm-none-eabi/lib/thumb/v6-m\libc_nano.a(lib_a-closer.o)
 .ARM.attributes
                0x00000b58       0x2c c:/program files (x86)/atmel/studio/7.0/toolchain/arm/arm-gnu-toolchain/bin/../lib/gcc/arm-none-eabi/6.3.1/../../../../arm-none-eabi/lib/thumb/v6-m\libc_nano.a(lib_a-fstatr.o)
 .ARM.attributes
                0x00000b84       0x2c c:/program files (x86)/atmel/studio/7.0/toolchain/arm/arm-gnu-toolchain/bin/../lib/gcc/arm-none-eabi/6.3.1/../../../../arm-none-eabi/lib/thumb/v6-m\libc_nano.a(lib_a-lseekr.o)
 .ARM.attributes
                0x00000bb0       0x2c c:/program files (x86)/atmel/studio/7.0/toolchain/arm/arm-gnu-toolchain/bin/../lib/gcc/arm-none-eabi/6.3.1/../../../../arm-none-eabi/lib/thumb/v6-m\libc_nano.a(lib_a-memchr-stub.o)
 .ARM.attributes
                0x00000bdc       0x2c c:/program files (x86)/atmel/studio/7.0/toolchain/arm/arm-gnu-toolchain/bin/../lib/gcc/arm-none-eabi/6.3.1/../../../../arm-none-eabi/lib/thumb/v6-m\libc_nano.a(lib_a-memmove.o)
 .ARM.attributes
                0x00000c08       0x2c c:/program files (x86)/atmel/studio/7.0/toolchain/arm/arm-gnu-toolchain/bin/../lib/gcc/arm-none-eabi/6.3.1/../../../../arm-none-eabi/lib/thumb/v6-m\libc_nano.a(lib_a-nano-reallocr.o)
 .ARM.attributes
                0x00000c34       0x2c c:/program files (x86)/atmel/studio/7.0/toolchain/arm/arm-gnu-toolchain/bin/../lib/gcc/arm-none-eabi/6.3.1/../../../../arm-none-eabi/lib/thumb/v6-m\libc_nano.a(lib_a-readr.o)
 .ARM.attributes
                0x00000c60       0x2c c:/program files (x86)/atmel/studio/7.0/toolchain/arm/arm-gnu-toolchain/bin/../lib/gcc/arm-none-eabi/6.3.1/../../../../arm-none-eabi/lib/thumb/v6-m\libc_nano.a(lib_a-nano-msizer.o)
 .ARM.attributes
                0x00000c8c       0x1e c:/program files (x86)/atmel/studio/7.0/toolchain/arm/arm-gnu-toolchain/bin/../lib/gcc/arm-none-eabi/6.3.1/thumb/v6-m/crtn.o

.comment        0x00000000       0x59
 .comment       0x00000000       0x59 src/ASF/common2/services/delay/sam0/systick_counter.o
                                 0x5a (size before relaxing)
 .comment       0x00000059       0x5a src/Systick/Systick.o
 .comment       0x00000059       0x5a src/ASF/common/services/crc32/crc32.o
 .comment       0x00000059       0x5a src/ASF/sam0/boards/board_init.o
 .comment       0x00000059       0x5a src/ASF/sam0/drivers/nvm/nvm.o
 .comment       0x00000059       0x5a src/SD Card/SdCard.o
 .comment       0x00000059       0x5a src/SerialConsole/circular_buffer.o
 .comment       0x00000059       0x5a src/SerialConsole/SerialConsole.o
 .comment       0x00000059       0x5a src/ASF/common2/components/memory/sd_mmc/sd_mmc.o
 .comment       0x00000059       0x5a src/ASF/common2/components/memory/sd_mmc/sd_mmc_mem.o
 .comment       0x00000059       0x5a src/ASF/common2/components/memory/sd_mmc/sd_mmc_spi.o
 .comment       0x00000059       0x5a src/ASF/common/services/storage/ctrl_access/ctrl_access.o
 .comment       0x00000059       0x5a src/ASF/common/utils/interrupt/interrupt_sam_nvic.o
 .comment       0x00000059       0x5a src/ASF/sam0/drivers/port/port.o
 .comment       0x00000059       0x5a src/ASF/sam0/drivers/rtc/rtc_sam_d_r_h/rtc_calendar.o
 .comment       0x00000059       0x5a src/ASF/sam0/drivers/sercom/sercom.o
 .comment       0x00000059       0x5a src/ASF/sam0/drivers/sercom/sercom_interrupt.o
 .comment       0x00000059       0x5a src/ASF/sam0/drivers/sercom/spi/spi.o
 .comment       0x00000059       0x5a src/ASF/sam0/drivers/sercom/spi/spi_interrupt.o
 .comment       0x00000059       0x5a src/ASF/sam0/drivers/sercom/usart/usart.o
 .comment       0x00000059       0x5a src/ASF/sam0/drivers/sercom/usart/usart_interrupt.o
 .comment       0x00000059       0x5a src/ASF/sam0/drivers/system/clock/clock_samd21_r21_da_ha1/clock.o
 .comment       0x00000059       0x5a src/ASF/sam0/drivers/system/clock/clock_samd21_r21_da_ha1/gclk.o
 .comment       0x00000059       0x5a src/ASF/sam0/drivers/system/pinmux/pinmux.o
 .comment       0x00000059       0x5a src/ASF/sam0/drivers/system/system.o
 .comment       0x00000059       0x5a src/ASF/sam0/utils/cmsis/samd21/source/gcc/startup_samd21.o
 .comment       0x00000059       0x5a src/ASF/sam0/utils/stdio/read.o
 .comment       0x00000059       0x5a src/ASF/sam0/utils/stdio/write.o
 .comment       0x00000059       0x5a src/ASF/sam0/utils/syscalls/gcc/syscalls.o
 .comment       0x00000059       0x5a src/ASF/thirdparty/fatfs/fatfs-port-r0.09/diskio.o
 .comment       0x00000059       0x5a src/ASF/thirdparty/fatfs/fatfs-port-r0.09/sam0/fattime_rtc.o
 .comment       0x00000059       0x5a src/ASF/thirdparty/fatfs/fatfs-r0.09/src/ff.o
 .comment       0x00000059       0x5a src/ASF/thirdparty/fatfs/fatfs-r0.09/src/option/ccsbcs.o
 .comment       0x00000059       0x5a src/BootMain.o

.debug_info     0x00000000    0x4bbb7
 .debug_info    0x00000000      0xb60 src/ASF/common2/services/delay/sam0/systick_counter.o
 .debug_info    0x00000b60     0x2db2 src/Systick/Systick.o
 .debug_info    0x00003912      0xc25 src/ASF/common/services/crc32/crc32.o
 .debug_info    0x00004537     0x12a7 src/ASF/sam0/boards/board_init.o
 .debug_info    0x000057de     0x2471 src/ASF/sam0/drivers/nvm/nvm.o
 .debug_info    0x00007c4f     0x29ef src/SD Card/SdCard.o
 .debug_info    0x0000a63e      0xd03 src/SerialConsole/circular_buffer.o
 .debug_info    0x0000b341     0x3958 src/SerialConsole/SerialConsole.o
 .debug_info    0x0000ec99     0x3c32 src/ASF/common2/components/memory/sd_mmc/sd_mmc.o
 .debug_info    0x000128cb      0xffe src/ASF/common2/components/memory/sd_mmc/sd_mmc_mem.o
 .debug_info    0x000138c9     0x44c4 src/ASF/common2/components/memory/sd_mmc/sd_mmc_spi.o
 .debug_info    0x00017d8d      0xe61 src/ASF/common/services/storage/ctrl_access/ctrl_access.o
 .debug_info    0x00018bee      0xb0c src/ASF/common/utils/interrupt/interrupt_sam_nvic.o
 .debug_info    0x000196fa     0x127c src/ASF/sam0/drivers/port/port.o
 .debug_info    0x0001a976     0x3104 src/ASF/sam0/drivers/rtc/rtc_sam_d_r_h/rtc_calendar.o